Archive member included to satisfy reference by file (symbol)

../..//tools/powerpc-eabivle-4_9/sysroot/e200_ewl2/lib/e200z4/fp\libc99.a(rand.o)
                              ./obj/Release/core0/sys_time.o (rand)
../..//tools/powerpc-eabivle-4_9/sysroot/e200_ewl2/lib/e200z4/fp\libc99.a(memcmp.o)
                              ./obj/Release/core0/bmc.o (memcmp)
../..//tools/powerpc-eabivle-4_9/sysroot/e200_ewl2/lib/e200z4/fp\libc99.a(memcpy.o)
                              ./obj/Release/core0/boot_app.o (memcpy)
../..//tools/powerpc-eabivle-4_9/sysroot/e200_ewl2/lib/e200z4/fp\libc99.a(memmove.o)
                              ./obj/Release/core0/FreeRTOS_IP.o (memmove)
../..//tools/powerpc-eabivle-4_9/sysroot/e200_ewl2/lib/e200z4/fp\libc99.a(memset.o)
                              ./obj/Release/core0/boot_app.o (memset)
../..//tools/powerpc-eabivle-4_9/sysroot/e200_ewl2/lib/e200z4/fp\libc99.a(strcmp.o)
                              ./obj/Release/core0/FreeRTOS_DNS.o (strcmp)
../..//tools/powerpc-eabivle-4_9/sysroot/e200_ewl2/lib/e200z4/fp\libc99.a(strcpy.o)
                              ./obj/Release/core0/FreeRTOS_DNS.o (strcpy)
../..//tools/powerpc-eabivle-4_9/sysroot/e200_ewl2/lib/e200z4/fp\libc99.a(strlen.o)
                              ./obj/Release/core0/FreeRTOS_DNS.o (strlen)
../..//tools/powerpc-eabivle-4_9/sysroot/e200_ewl2/lib/e200z4/fp\libc99.a(__copy_long_mem.o)
                              ../..//tools/powerpc-eabivle-4_9/sysroot/e200_ewl2/lib/e200z4/fp\libc99.a(memmove.o) (__copy_longs_aligned)
../..//tools/powerpc-eabivle-4_9/sysroot/e200_ewl2/lib/e200z4/fp\libc99.a(__filll_mem.o)
                              ../..//tools/powerpc-eabivle-4_9/sysroot/e200_ewl2/lib/e200z4/fp\libc99.a(memset.o) (__fill_mem)
d:/workspace/sample_code/tools/powerpc-eabivle-4_9/bin/../lib/gcc/powerpc-eabivle/4.9.4/e200z4/fp\libgcc.a(_fixunsdfsi.o)
                              ./obj/Release/core0/usr_timer.o (__fixunsdfsi)
d:/workspace/sample_code/tools/powerpc-eabivle-4_9/bin/../lib/gcc/powerpc-eabivle/4.9.4/e200z4/fp\libgcc.a(_divdi3.o)
                              ./obj/Release/core0/arith.o (__divdi3)
d:/workspace/sample_code/tools/powerpc-eabivle-4_9/bin/../lib/gcc/powerpc-eabivle/4.9.4/e200z4/fp\libgcc.a(_moddi3.o)
                              ./obj/Release/core0/arith.o (__moddi3)
d:/workspace/sample_code/tools/powerpc-eabivle-4_9/bin/../lib/gcc/powerpc-eabivle/4.9.4/e200z4/fp\libgcc.a(_udivdi3.o)
                              ./obj/Release/core0/porttimer.o (__udivdi3)
d:/workspace/sample_code/tools/powerpc-eabivle-4_9/bin/../lib/gcc/powerpc-eabivle/4.9.4/e200z4/fp\libgcc.a(_umoddi3.o)
                              ./obj/Release/core0/rtc_api_driver.o (__umoddi3)
d:/workspace/sample_code/tools/powerpc-eabivle-4_9/bin/../lib/gcc/powerpc-eabivle/4.9.4/e200z4/fp\libgcc.a(_sf_to_df.o)
                              ./obj/Release/core0/usr_timer.o (__extendsfdf2)
d:/workspace/sample_code/tools/powerpc-eabivle-4_9/bin/../lib/gcc/powerpc-eabivle/4.9.4/e200z4/fp\libgcc.a(_addsub_df.o)
                              ./obj/Release/core0/usr_timer.o (__adddf3)
d:/workspace/sample_code/tools/powerpc-eabivle-4_9/bin/../lib/gcc/powerpc-eabivle/4.9.4/e200z4/fp\libgcc.a(_mul_df.o)
                              ./obj/Release/core0/usr_timer.o (__muldf3)
d:/workspace/sample_code/tools/powerpc-eabivle-4_9/bin/../lib/gcc/powerpc-eabivle/4.9.4/e200z4/fp\libgcc.a(_ge_df.o)
                              d:/workspace/sample_code/tools/powerpc-eabivle-4_9/bin/../lib/gcc/powerpc-eabivle/4.9.4/e200z4/fp\libgcc.a(_fixunsdfsi.o) (__gedf2)
d:/workspace/sample_code/tools/powerpc-eabivle-4_9/bin/../lib/gcc/powerpc-eabivle/4.9.4/e200z4/fp\libgcc.a(_df_to_si.o)
                              d:/workspace/sample_code/tools/powerpc-eabivle-4_9/bin/../lib/gcc/powerpc-eabivle/4.9.4/e200z4/fp\libgcc.a(_fixunsdfsi.o) (__fixdfsi)
d:/workspace/sample_code/tools/powerpc-eabivle-4_9/bin/../lib/gcc/powerpc-eabivle/4.9.4/e200z4/fp\libgcc.a(_make_df.o)
                              d:/workspace/sample_code/tools/powerpc-eabivle-4_9/bin/../lib/gcc/powerpc-eabivle/4.9.4/e200z4/fp\libgcc.a(_sf_to_df.o) (__make_dp)
d:/workspace/sample_code/tools/powerpc-eabivle-4_9/bin/../lib/gcc/powerpc-eabivle/4.9.4/e200z4/fp\libgcc.a(_thenan_df.o)
                              d:/workspace/sample_code/tools/powerpc-eabivle-4_9/bin/../lib/gcc/powerpc-eabivle/4.9.4/e200z4/fp\libgcc.a(_addsub_df.o) (__thenan_df)
d:/workspace/sample_code/tools/powerpc-eabivle-4_9/bin/../lib/gcc/powerpc-eabivle/4.9.4/e200z4/fp\libgcc.a(e200crtresxgpr.o)
                              ../..//tools/powerpc-eabivle-4_9/sysroot/e200_ewl2/lib/e200z4/fp\libc99.a(memmove.o) (_restgpr_31_x)
d:/workspace/sample_code/tools/powerpc-eabivle-4_9/bin/../lib/gcc/powerpc-eabivle/4.9.4/e200z4/fp\libgcc.a(eabivle.o)
                              ./obj/Release/core0/boot_main.o (__eabi)
d:/workspace/sample_code/tools/powerpc-eabivle-4_9/bin/../lib/gcc/powerpc-eabivle/4.9.4/e200z4/fp\libgcc.a(_unpack_sf.o)
[...]
Memory Configuration

Name             Origin             Length             Attributes
flash_rchw       0x00fe0000         0x00000004
cpu0_reset_vec   0x00fe0010         0x00000004
cpu1_reset_vec   0x00fe0014         0x00000004
cpu2_reset_vec   0x00fe0004         0x00000004
m_app_flash      0x01000000         0x00570000
m_text           0x00fe1000         0x0001f000
m_data           0x40000000         0x000c0000
*default*        0x00000000         0xffffffff

Linker script and memory map

LOAD d:/workspace/sample_code/tools/powerpc-eabivle-4_9/bin/../lib/gcc/powerpc-eabivle/4.9.4/e200z4/fp/ecrti.o
LOAD d:/workspace/sample_code/tools/powerpc-eabivle-4_9/bin/../lib/gcc/powerpc-eabivle/4.9.4/e200z4/fp/crtbegin.o
LOAD ./obj/Release/core0/boot_app.o
LOAD ./obj/Release/core0/boot_board.o
LOAD ./obj/Release/core0/boot_main.o
LOAD ./obj/Release/core0/crc32.o
LOAD ./obj/Release/core0/flash_drv.o
LOAD ./obj/Release/core0/hwio.o
LOAD ./obj/Release/core0/rc4.o
LOAD ./obj/Release/core0/rnd.o
LOAD ./obj/Release/core0/clockMan.o
LOAD ./obj/Release/core0/pin_mux.o
LOAD ./obj/Release/core0/arith.o
LOAD ./obj/Release/core0/bmc.o
LOAD ./obj/Release/core0/msg.o
LOAD ./obj/Release/core0/net.o
LOAD ./obj/Release/core0/protocol.o
LOAD ./obj/Release/core0/ptpd.o
LOAD ./obj/Release/core0/servo.o
LOAD ./obj/Release/core0/startup.o
LOAD ./obj/Release/core0/sys_time.o
LOAD ./obj/Release/core0/timer.o
LOAD ./obj/Release/core0/usr_timer.o
LOAD ./obj/Release/core0/FreeRTOS_ARP.o
LOAD ./obj/Release/core0/FreeRTOS_DHCP.o
LOAD ./obj/Release/core0/FreeRTOS_DNS.o
LOAD ./obj/Release/core0/FreeRTOS_IP.o
LOAD ./obj/Release/core0/FreeRTOS_Sockets.o
LOAD ./obj/Release/core0/FreeRTOS_Stream_Buffer.o
LOAD ./obj/Release/core0/FreeRTOS_TCP_IP.o
LOAD ./obj/Release/core0/FreeRTOS_TCP_WIN.o
LOAD ./obj/Release/core0/FreeRTOS_UDP_IP.o
LOAD ./obj/Release/core0/NetworkInterface.o
LOAD ./obj/Release/core0/phyHandling.o
LOAD ./obj/Release/core0/BufferAllocation_1.o
LOAD ./obj/Release/core0/croutine.o
LOAD ./obj/Release/core0/event_groups.o
LOAD ./obj/Release/core0/list.o
LOAD ./obj/Release/core0/queue.o
LOAD ./obj/Release/core0/stream_buffer.o
LOAD ./obj/Release/core0/tasks.o
LOAD ./obj/Release/core0/timers.o
LOAD ./obj/Release/core0/port.o
LOAD ./obj/Release/core0/porttimer.o
LOAD ./obj/Release/core0/osif_freertos.o
LOAD ./obj/Release/core0/heap_4.o
LOAD ./obj/Release/core0/portasm.o
LOAD ./obj/Release/core0/adc_sar_driver.o
LOAD ./obj/Release/core0/bctu_driver.o
LOAD ./obj/Release/core0/clock_MPC57xx.o
LOAD ./obj/Release/core0/cmp_driver.o
LOAD ./obj/Release/core0/cmp_hw_access.o
LOAD ./obj/Release/core0/crc_c55_hw_access.o
LOAD ./obj/Release/core0/crc_driver.o
LOAD ./obj/Release/core0/dspi_driver.o
LOAD ./obj/Release/core0/edma_driver.o
LOAD ./obj/Release/core0/edma_hw_access.o
LOAD ./obj/Release/core0/edma_irq.o
LOAD ./obj/Release/core0/emios_common.o
LOAD ./obj/Release/core0/emios_hw_access.o
LOAD ./obj/Release/core0/emios_ic_driver.o
LOAD ./obj/Release/core0/emios_mc_driver.o
LOAD ./obj/Release/core0/emios_oc_driver.o
LOAD ./obj/Release/core0/emios_pwm_driver.o
LOAD ./obj/Release/core0/emios_qd_driver.o
LOAD ./obj/Release/core0/enet_driver.o
LOAD ./obj/Release/core0/enet_hw_access.o
LOAD ./obj/Release/core0/enet_irq.o
LOAD ./obj/Release/core0/fccu_driver.o
LOAD ./obj/Release/core0/fccu_hw_access.o
LOAD ./obj/Release/core0/fccu_irq.o
LOAD ./obj/Release/core0/flash_c55_driver.o
LOAD ./obj/Release/core0/flexcan_driver.o
LOAD ./obj/Release/core0/flexcan_hw_access.o
LOAD ./obj/Release/core0/flexcan_irq.o
LOAD ./obj/Release/core0/hsm_driver.o
LOAD ./obj/Release/core0/hsm_hw_access.o
LOAD ./obj/Release/core0/i2c_driver.o
LOAD ./obj/Release/core0/i2c_irq.o
LOAD ./obj/Release/core0/interrupt_manager_MPC57xx.o
LOAD ./obj/Release/core0/linflexd_uart_driver.o
LOAD ./obj/Release/core0/linflexd_uart_irq.o
LOAD ./obj/Release/core0/pass_driver.o
LOAD ./obj/Release/core0/phy.o
LOAD ./obj/Release/core0/phy_generic.o
LOAD ./obj/Release/core0/phy_shared.o
LOAD ./obj/Release/core0/phy_tja110x.o
LOAD ./obj/Release/core0/pins_siul2_driver.o
LOAD ./obj/Release/core0/siul2_hw_access.o
LOAD ./obj/Release/core0/pit_driver.o
LOAD ./obj/Release/core0/pit_hw_access.o
LOAD ./obj/Release/core0/power_manager.o
LOAD ./obj/Release/core0/rtc_api_driver.o
LOAD ./obj/Release/core0/rtc_api_hw_access.o
LOAD ./obj/Release/core0/rtc_api_irq.o
LOAD ./obj/Release/core0/sai_driver.o
LOAD ./obj/Release/core0/sema42_driver.o
LOAD ./obj/Release/core0/smpu_driver.o
LOAD ./obj/Release/core0/smpu_hw_access.o
LOAD ./obj/Release/core0/stm_driver.o
LOAD ./obj/Release/core0/swi2c_driver.o
LOAD ./obj/Release/core0/swt_driver.o
LOAD ./obj/Release/core0/swt_hw_access.o
LOAD ./obj/Release/core0/tdm_driver.o
LOAD ./obj/Release/core0/usdhc_driver.o
LOAD ./obj/Release/core0/usdhc_hw_access.o
LOAD ./obj/Release/core0/usdhc_irq.o
LOAD ./obj/Release/core0/wkpu_driver.o
LOAD ./obj/Release/core0/wkpu_hw_access.o
LOAD ./obj/Release/core0/eee_common.o
LOAD ./obj/Release/core0/eee_driver.o
LOAD ./obj/Release/core0/system_MPC5748G.o
LOAD ./obj/Release/core0/Vector0.o
LOAD ./obj/Release/core0/Vector1.o
LOAD ./obj/Release/core0/Vector2.o
LOAD ./obj/Release/core0/flashrchw.o
LOAD ./obj/Release/core0/core0_startup.o
LOAD ./obj/Release/core0/core1_startup.o
LOAD ./obj/Release/core0/core2_startup.o
LOAD ./obj/Release/core0/startup_MPC5748G.o
LOAD ./obj/Release/core0/interrupt_vectors.o
START GROUP
LOAD ../..//tools/powerpc-eabivle-4_9/sysroot/e200_ewl2/lib/e200z4/fp\libc99.a
LOAD ../..//tools/powerpc-eabivle-4_9/sysroot/e200_ewl2/lib/e200z4/fp\libm.a
LOAD d:/workspace/sample_code/tools/powerpc-eabivle-4_9/bin/../lib/gcc/powerpc-eabivle/4.9.4/e200z4/fp\libgcc.a
LOAD ../..//tools/powerpc-eabivle-4_9/sysroot/e200_ewl2/lib/e200z4/fp\librt.a
END GROUP
LOAD d:/workspace/sample_code/tools/powerpc-eabivle-4_9/bin/../lib/gcc/powerpc-eabivle/4.9.4/e200z4/fp/crtend.o
LOAD d:/workspace/sample_code/tools/powerpc-eabivle-4_9/bin/../lib/gcc/powerpc-eabivle/4.9.4/e200z4/fp/ecrtn.o
                0x00000000                __HEAP_SIZE = DEFINED (__heap_size__)?__heap_size__:0x0
                0x00001000                __STACK_SIZE = DEFINED (__stack_size__)?__stack_size__:0x1000
                0x00fe1000                FLASH_BASE_ADDR = DEFINED (__flash_base_addr__)?__flash_base_addr__:0xfe1000
                0x0001f000                FLASH_SIZE = DEFINED (__flash_size__)?__flash_size__:0x1f000
                0x40000000                SRAM_BASE_ADDR = DEFINED (__sram_base_addr__)?__sram_base_addr__:0x40000000
                0x000c0000                SRAM_SIZE = DEFINED (__sram_size__)?__sram_size__:0xc0000

.rchw           0x00fe0000        0x4
 *(.rchw)
 .rchw          0x00fe0000        0x4 ./obj/Release/core0/flashrchw.o
                0x00fe0000                RCHW1

.cpu0_reset_vector
                0x00fe0010        0x4
 *(.cpu0_reset_vector)
 .cpu0_reset_vector
                0x00fe0010        0x4 ./obj/Release/core0/flashrchw.o
                0x00fe0010                RCHW2_0

.cpu1_reset_vector
 *(.cpu1_reset_vector)

.cpu2_reset_vector
 *(.cpu2_reset_vector)

.app_flash      0x01000000     0x1000
                0x01000000                APP_FLAGS_BASE_ADDR = .
                0x01001000                . = (. + 0x1000)
 *fill*         0x01000000     0x1000 
                0x01001000                APP_ENTRY_ADDR = .

.startup        0x00fe1000      0x1ba
                0x00fe1000                __start = .
 *(.startup)
 .startup       0x00fe1000      0x1ba ./obj/Release/core0/core0_startup.o
                0x00fe1000                _start

.core_exceptions_table
                0x00fe2000       0xf4
                0x00fe2000                __IVPR_VALUE = .
 *(.core_exceptions_table)
 .core_exceptions_table
                0x00fe2000       0xf4 ./obj/Release/core0/Vector0.o
                0x00fe2000                VTABLE0

.intc_vector_table
                0x00fe3000      0xbcc
                0x00fe3000                __VECTOR_TABLE = .
                0x00fe3000                __interrupts_start__ = .
 *(.intc_vector_table)
 .intc_vector_table
                0x00fe3000      0xbcc ./obj/Release/core0/core0_startup.o
                0x00fe3000                __isr_vector
                0x00fe3bc8                SIUL_EIRQ_16_23_IRQHandler
                0x00fe3bc8                PIT_Ch10_IRQHandler
                0x00fe3bc8                SWT0_IRQHandler
                0x00fe3bc8                EMIOS0_30_31_IRQHandler
                0x00fe3bc8                WKPU_23_16_IRQHandler
                0x00fe3bc8                STM2_Ch3_IRQHandler
                0x00fe3bc8                PIT_Ch14_IRQHandler
                0x00fe3bc8                PIT_Ch0_IRQHandler
                0x00fe3bc8                EMIOS1_00_01_IRQHandler
                0x00fe3bc8                USBOTG_IRQHandler
                0x00fe3bc8                STM2_Ch2_IRQHandler
                0x00fe3bc8                EMIOS1_26_27_IRQHandler
                0x00fe3bc8                IVOR34_Exception_Handler
                0x00fe3bc8                PIT_Ch15_IRQHandler
                0x00fe3bc8                IVOR33_Exception_Handler
                0x00fe3bc8                EMIOS2_00_01_IRQHandler
                0x00fe3bc8                STM1_Ch2_IRQHandler
                0x00fe3bc8                EMIOS0_04_05_IRQHandler
                0x00fe3bc8                EMIOS2_06_07_IRQHandler
                0x00fe3bc8                EMIOS2_24_25_IRQHandler
                0x00fe3bc8                SWT1_IRQHandler
                0x00fe3bc8                EMIOS1_16_17_IRQHandler
                0x00fe3bc8                STM2_Ch1_IRQHandler
                0x00fe3bc8                EMIOS1_04_05_IRQHandler
                0x00fe3bc8                EMIOS0_24_25_IRQHandler
                0x00fe3bc8                IVOR2_Handler
                0x00fe3bc8                EMIOS2_26_27_IRQHandler
                0x00fe3bc8                SWT2_IRQHandler
                0x00fe3bc8                IVOR2_Exception_Handler
                0x00fe3bc8                PIT_Ch7_IRQHandler
                0x00fe3bc8                ADC1_WD_IRQHandler
                0x00fe3bc8                IVOR5_Exception_Handler
                0x00fe3bc8                IVOR6_Handler
                0x00fe3bc8                PIT_Ch1_IRQHandler
                0x00fe3bc8                EMIOS0_12_13_IRQHandler
                0x00fe3bc8                PIT_Ch5_IRQHandler
                0x00fe3bc8                EMIOS1_14_15_IRQHandler
                0x00fe3bc8                IVOR15_Handler
                0x00fe3bc8                BCTU_ListLast_IRQHandler
                0x00fe3bc8                IVOR35_Handler
                0x00fe3bc8                PIT_Ch2_IRQHandler
                0x00fe3bc8                CMP0_IRQHandler
                0x00fe3bc8                IVOR34_Handler
                0x00fe3bc8                EMIOS0_16_17_IRQHandler
                0x00fe3bc8                ADC0_EOC_IRQHandler
                0x00fe3bc8                STM2_Ch0_IRQHandler
                0x00fe3bc8                IVOR33_Handler
                0x00fe3bc8                IVOR15_Exception_Handler
                0x00fe3bc8                ADC1_ER_IRQHandler
                0x00fe3bc8                EMIOS1_28_29_IRQHandler
                0x00fe3bc8                EMIOS0_22_23_IRQHandler
                0x00fe3bc8                EMIOS1_30_31_IRQHandler
                0x00fe3bc8                EMIOS0_10_11_IRQHandler
                0x00fe3bc8                ADC0_WD_IRQHandler
                0x00fe3bc8                EMIOS1_10_11_IRQHandler
                0x00fe3bc8                PIT_Ch4_IRQHandler
                0x00fe3bc8                SIUL_EIRQ_00_07_IRQHandler
                0x00fe3bc8                ADC0_ER_IRQHandler
                0x00fe3bc8                PIT_Ch12_IRQHandler
                0x00fe3bc8                PIT_Ch11_IRQHandler
                0x00fe3bc8                IVOR5_Handler
                0x00fe3bc8                EMIOS2_28_29_IRQHandler
                0x00fe3bc8                API0_IRQHandler
                0x00fe3bc8                IVOR8_Handler
                0x00fe3bc8                EMIOS1_06_07_IRQHandler
                0x00fe3bc8                SIUL_EIRQ_24_31_IRQHandler
                0x00fe3bc8                IVOR0_Handler
                0x00fe3bc8                IVOR1_Exception_Handler
                0x00fe3bc8                EMIOS2_20_21_IRQHandler
                0x00fe3bc8                CMP2_IRQHandler
                0x00fe3bc8                IVOR3_Exception_Handler
                0x00fe3bc8                EMIOS1_12_13_IRQHandler
                0x00fe3bc8                EMIOS2_04_05_IRQHandler
                0x00fe3bc8                PIT_RTI_IRQHandler
                0x00fe3bc8                IVOR8_Exception_Handler
                0x00fe3bc8                WKPU_31_24_IRQHandler
                0x00fe3bc8                STM0_Ch0_IRQHandler
                0x00fe3bc8                STM1_Ch1_IRQHandler
                0x00fe3bc8                STM1_Ch0_IRQHandler
                0x00fe3bc8                PIT_Ch13_IRQHandler
                0x00fe3bc8                EMIOS0_18_19_IRQHandler
                0x00fe3bc8                STM0_Ch3_IRQHandler
                0x00fe3bc8                STM0_Ch2_IRQHandler
                0x00fe3bc8                EMIOS1_02_03_IRQHandler
                0x00fe3bc8                WKPU_15_08_IRQHandler
                0x00fe3bc8                EMIOS0_00_01_IRQHandler
                0x00fe3bc8                EMIOS2_02_03_IRQHandler
                0x00fe3bc8                STM1_Ch3_IRQHandler
                0x00fe3bc8                USBHS_IRQHandler
                0x00fe3bc8                EMIOS0_20_21_IRQHandler
                0x00fe3bc8                EMIOS2_18_19_IRQHandler
                0x00fe3bc8                EMIOS1_24_25_IRQHandler
                0x00fe3bc8                IVOR6_Exception_Handler
                0x00fe3bc8                PIT_Ch6_IRQHandler
                0x00fe3bc8                IVOR0_Exception_Handler
                0x00fe3bc8                IVOR35_Exception_Handler
                0x00fe3bc8                EMIOS0_26_27_IRQHandler
                0x00fe3bc8                EMIOS0_08_09_IRQHandler
                0x00fe3bc8                EMIOS1_22_23_IRQHandler
                0x00fe3bc8                EMIOS1_18_19_IRQHandler
                0x00fe3bc8                EMIOS2_14_15_IRQHandler
                0x00fe3bc8                ADC1_EOC_IRQHandler
                0x00fe3bc8                PIT_Ch3_IRQHandler
                0x00fe3bc8                EMIOS1_08_09_IRQHandler
                0x00fe3bc8                FLASH_Done_IRQHandler
                0x00fe3bc8                SIUL_EIRQ_08_15_IRQHandler
                0x00fe3bc8                PIT_Ch9_IRQHandler
                0x00fe3bc8                EMIOS2_10_11_IRQHandler
                0x00fe3bc8                EMIOS2_12_13_IRQHandler
                0x00fe3bc8                IVOR1_Handler
                0x00fe3bc8                IVOR4_Handler
                0x00fe3bc8                STM0_Ch1_IRQHandler
                0x00fe3bc8                EMIOS2_08_09_IRQHandler
                0x00fe3bc8                EMIOS0_28_29_IRQHandler
                0x00fe3bc8                DefaultISR
                0x00fe3bc8                EMIOS0_06_07_IRQHandler
                0x00fe3bc8                EMIOS0_02_03_IRQHandler
                0x00fe3bc8                PIT_Ch8_IRQHandler
                0x00fe3bc8                IVOR3_Handler
                0x00fe3bc8                CMP1_IRQHandler
                0x00fe3bc8                WKPU_07_00_IRQHandler
                0x00fe3bc8                BCTU_ConvUpdate_IRQHandler
                0x00fe3bc8                EMIOS2_16_17_IRQHandler
                0x00fe3bc8                EMIOS1_20_21_IRQHandler
                0x00fe3bc8                EMIOS2_30_31_IRQHandler
                0x00fe3bc8                EMIOS2_22_23_IRQHandler
                0x00fe3bc8                EMIOS0_14_15_IRQHandler
                0x00fe3bcc                __interrupts_end__ = .
                0x00000c00                __RAM_VECTOR_TABLE_SIZE = 0xc00
                0x00fe3c00                __VECTOR_TABLE_COPY_END = (__VECTOR_TABLE + __RAM_VECTOR_TABLE_SIZE)

.text           0x00fe3bd0     0xf990
 *(.text.startup)
 *(.text)
 .text          0x00fe3bd0      0x16c d:/workspace/sample_code/tools/powerpc-eabivle-4_9/bin/../lib/gcc/powerpc-eabivle/4.9.4/e200z4/fp/crtbegin.o
 *fill*         0x00fe3d3c        0x4 
 .text          0x00fe3d40      0x2b2 ./obj/Release/core0/portasm.o
                0x00fe3d40                vPortStartFirstTask
                0x00fe3da0                vPortISRHandler
                0x00fe3e90                xPortSyscall
                0x00fe3fc0                vPortNMI
                0x00fe3fe0                vPortDataStorage
 .text          0x00fe3ff2       0x52 d:/workspace/sample_code/tools/powerpc-eabivle-4_9/bin/../lib/gcc/powerpc-eabivle/4.9.4/e200z4/fp\libgcc.a(e200crtresxgpr.o)
                0x00fe3ff2                _restgpr_14_x
                0x00fe3ff6                _restgpr_15_x
                0x00fe3ffa                _restgpr_16_x
                0x00fe3ffe                _restgpr_17_x
                0x00fe4002                _restgpr_18_x
                0x00fe4006                _restgpr_19_x
                0x00fe400a                _restgpr_20_x
                0x00fe400e                _restgpr_21_x
                0x00fe4012                _restgpr_22_x
                0x00fe4016                _restgpr_23_x
                0x00fe401a                _restgpr_24_x
                0x00fe401e                _restgpr_25_x
                0x00fe4022                _restgpr_26_x
                0x00fe4026                _restgpr_27_x
                0x00fe402a                _restgpr_28_x
                0x00fe402e                _restgpr_29_x
                0x00fe4032                _restgpr_30_x
                0x00fe4036                _restgpr_31_x
 .text          0x00fe4044       0x4a d:/workspace/sample_code/tools/powerpc-eabivle-4_9/bin/../lib/gcc/powerpc-eabivle/4.9.4/e200z4/fp\libgcc.a(eabivle.o)
                0x00fe4044                __eabi
 *fill*         0x00fe408e        0x2 
 .text          0x00fe4090       0x48 d:/workspace/sample_code/tools/powerpc-eabivle-4_9/bin/../lib/gcc/powerpc-eabivle/4.9.4/e200z4/fp/crtend.o
 *(.text.*)
 .text.reset_svc
                0x00fe40d8       0x10 ./obj/Release/core0/boot_app.o
 .text.tester_present_svc
                0x00fe40e8        0xc ./obj/Release/core0/boot_app.o
 .text.exit_xfer_svc
                0x00fe40f4       0x2c ./obj/Release/core0/boot_app.o
 .text.sec_access_svc
                0x00fe4120      0x116 ./obj/Release/core0/boot_app.o
 *fill*         0x00fe4236        0x2 
 .text.xfer_data_svc
                0x00fe4238       0xba ./obj/Release/core0/boot_app.o
 *fill*         0x00fe42f2        0x2 
 .text.erase_routine_task
                0x00fe42f4       0x50 ./obj/Release/core0/boot_app.o
                0x00fe42f4                erase_routine_task
 .text.session_ctrl_svc
                0x00fe4344       0x5c ./obj/Release/core0/boot_app.o
 .text.read_data_by_id_svc
                0x00fe43a0       0x7e ./obj/Release/core0/boot_app.o
 *fill*         0x00fe441e        0x2 
 .text.write_data_by_id_svc
                0x00fe4420       0x92 ./obj/Release/core0/boot_app.o
 *fill*         0x00fe44b2        0x2 
 .text.check_flash_address_valid
                0x00fe44b4       0x86 ./obj/Release/core0/boot_app.o
                0x00fe44b4                check_flash_address_valid
 *fill*         0x00fe453a        0x2 
 .text.download_req_svc
                0x00fe453c      0x1b4 ./obj/Release/core0/boot_app.o
 .text.routine_ctrl_svc
                0x00fe46f0      0x24e ./obj/Release/core0/boot_app.o
 *fill*         0x00fe493e        0x2 
 .text.build_crypt_msg
                0x00fe4940       0x8c ./obj/Release/core0/boot_app.o
                0x00fe4940                build_crypt_msg
 .text.decrypt_msg
                0x00fe49cc       0x7c ./obj/Release/core0/boot_app.o
                0x00fe49cc                decrypt_msg
 .text.boot_main_task
                0x00fe4a48      0x376 ./obj/Release/core0/boot_app.o
                0x00fe4a48                boot_main_task
 *fill*         0x00fe4dbe        0x2 
 .text.app_init
                0x00fe4dc0       0x4e ./obj/Release/core0/boot_app.o
                0x00fe4dc0                app_init
 *fill*         0x00fe4e0e        0x2 
 .text.board_hw_init
                0x00fe4e10       0x3c ./obj/Release/core0/boot_board.o
                0x00fe4e10                board_hw_init
 .text.id_pin_read
                0x00fe4e4c       0x1c ./obj/Release/core0/boot_board.o
                0x00fe4e4c                id_pin_read
 .text.startup.main
                0x00fe4e68       0x36 ./obj/Release/core0/boot_main.o
                0x00fe4e68                main
 *fill*         0x00fe4e9e        0x2 
 .text.crc32    0x00fe4ea0       0x32 ./obj/Release/core0/crc32.o
                0x00fe4ea0                crc32
 *fill*         0x00fe4ed2        0x2 
 .text.flash_drv_init
                0x00fe4ed4       0x84 ./obj/Release/core0/flash_drv.o
                0x00fe4ed4                flash_drv_init
 .text.flash_erase
                0x00fe4f58      0x114 ./obj/Release/core0/flash_drv.o
                0x00fe4f58                flash_erase
 .text.flash_write
                0x00fe506c       0xc0 ./obj/Release/core0/flash_drv.o
                0x00fe506c                flash_write
 .text.DioRead  0x00fe512c       0xac ./obj/Release/core0/hwio.o
                0x00fe512c                DioRead
 .text.rc4_init_key
                0x00fe51d8       0x6c ./obj/Release/core0/rc4.o
                0x00fe51d8                rc4_init_key
 .text.rc4      0x00fe5244       0x8a ./obj/Release/core0/rc4.o
                0x00fe5244                rc4
 *fill*         0x00fe52ce        0x2 
 .text.LFSR32   0x00fe52d0       0x60 ./obj/Release/core0/rnd.o
                0x00fe52d0                LFSR32
 .text.Srnd     0x00fe5330       0x28 ./obj/Release/core0/rnd.o
                0x00fe5330                Srnd
 .text.Rnd      0x00fe5358       0x32 ./obj/Release/core0/rnd.o
                0x00fe5358                Rnd
 *fill*         0x00fe538a        0x2 
 .text.get_current_time
                0x00fe538c       0xba ./obj/Release/core0/usr_timer.o
                0x00fe538c                get_current_time
 *fill*         0x00fe5446        0x2 
 .text.getPTPUsrTime
                0x00fe5448       0x5e ./obj/Release/core0/usr_timer.o
                0x00fe5448                getPTPUsrTime
 *fill*         0x00fe54a6        0x2 
 .text.vARPRefreshCacheEntry
                0x00fe54a8      0x1b4 ./obj/Release/core0/FreeRTOS_ARP.o
                0x00fe54a8                vARPRefreshCacheEntry
 .text.eARPProcessPacket
                0x00fe565c       0xaa ./obj/Release/core0/FreeRTOS_ARP.o
                0x00fe565c                eARPProcessPacket
 *fill*         0x00fe5706        0x2 
 .text.eARPGetCacheEntry
                0x00fe5708      0x102 ./obj/Release/core0/FreeRTOS_ARP.o
                0x00fe5708                eARPGetCacheEntry
 *fill*         0x00fe580a        0x2 
 .text.vARPGenerateRequestPacket
                0x00fe580c       0x52 ./obj/Release/core0/FreeRTOS_ARP.o
                0x00fe580c                vARPGenerateRequestPacket
 *fill*         0x00fe585e        0x2 
 .text.FreeRTOS_OutputARPRequest
                0x00fe5860       0x42 ./obj/Release/core0/FreeRTOS_ARP.o
                0x00fe5860                FreeRTOS_OutputARPRequest
 *fill*         0x00fe58a2        0x2 
 .text.vARPAgeCache
                0x00fe58a4       0x90 ./obj/Release/core0/FreeRTOS_ARP.o
                0x00fe58a4                vARPAgeCache
 .text.FreeRTOS_ClearARP
                0x00fe5934       0x10 ./obj/Release/core0/FreeRTOS_ARP.o
                0x00fe5934                FreeRTOS_ClearARP
 .text.prvIPTimerCheck
                0x00fe5944       0x74 ./obj/Release/core0/FreeRTOS_IP.o
 .text.pxDuplicateNetworkBufferWithDescriptor
                0x00fe59b8       0x4e ./obj/Release/core0/FreeRTOS_IP.o
                0x00fe59b8                pxDuplicateNetworkBufferWithDescriptor
 *fill*         0x00fe5a06        0x2 
 .text.pxPacketBuffer_to_NetworkBuffer
                0x00fe5a08       0x1a ./obj/Release/core0/FreeRTOS_IP.o
                0x00fe5a08                pxPacketBuffer_to_NetworkBuffer
 *fill*         0x00fe5a22        0x2 
 .text.pxUDPPayloadBuffer_to_NetworkBuffer
                0x00fe5a24       0x1a ./obj/Release/core0/FreeRTOS_IP.o
                0x00fe5a24                pxUDPPayloadBuffer_to_NetworkBuffer
 *fill*         0x00fe5a3e        0x2 
 .text.FreeRTOS_ReleaseUDPPayloadBuffer
                0x00fe5a40       0x22 ./obj/Release/core0/FreeRTOS_IP.o
                0x00fe5a40                FreeRTOS_ReleaseUDPPayloadBuffer
 *fill*         0x00fe5a62        0x2 
 .text.FreeRTOS_IPInit
                0x00fe5a64      0x138 ./obj/Release/core0/FreeRTOS_IP.o
                0x00fe5a64                FreeRTOS_IPInit
 .text.FreeRTOS_GetAddressConfiguration
                0x00fe5b9c       0x42 ./obj/Release/core0/FreeRTOS_IP.o
                0x00fe5b9c                FreeRTOS_GetAddressConfiguration
 *fill*         0x00fe5bde        0x2 
 .text.xSendEventStructToIPTask
                0x00fe5be0       0x98 ./obj/Release/core0/FreeRTOS_IP.o
                0x00fe5be0                xSendEventStructToIPTask
 .text.FreeRTOS_NetworkDown
                0x00fe5c78       0x38 ./obj/Release/core0/FreeRTOS_IP.o
                0x00fe5c78                FreeRTOS_NetworkDown
 .text.xSendEventToIPTask
                0x00fe5cb0       0x20 ./obj/Release/core0/FreeRTOS_IP.o
                0x00fe5cb0                xSendEventToIPTask
 .text.eConsiderFrameForProcessing
                0x00fe5cd0       0xa8 ./obj/Release/core0/FreeRTOS_IP.o
                0x00fe5cd0                eConsiderFrameForProcessing
 .text.vIPNetworkUpCalls
                0x00fe5d78       0x4a ./obj/Release/core0/FreeRTOS_IP.o
                0x00fe5d78                vIPNetworkUpCalls
 *fill*         0x00fe5dc2        0x2 
 .text.usGenerateChecksum
                0x00fe5dc4      0x16e ./obj/Release/core0/FreeRTOS_IP.o
                0x00fe5dc4                usGenerateChecksum
 *fill*         0x00fe5f32        0x2 
 .text.usGenerateProtocolChecksum
                0x00fe5f34      0x13a ./obj/Release/core0/FreeRTOS_IP.o
                0x00fe5f34                usGenerateProtocolChecksum
 *fill*         0x00fe606e        0x2 
 .text.vReturnEthernetFrame
                0x00fe6070       0x5a ./obj/Release/core0/FreeRTOS_IP.o
                0x00fe6070                vReturnEthernetFrame
 *fill*         0x00fe60ca        0x2 
 .text.prvIPTask
                0x00fe60cc      0x44c ./obj/Release/core0/FreeRTOS_IP.o
 .text.FreeRTOS_GetMACAddress
                0x00fe6518        0xa ./obj/Release/core0/FreeRTOS_IP.o
                0x00fe6518                FreeRTOS_GetMACAddress
 *fill*         0x00fe6522        0x2 
 .text.xIPIsNetworkTaskReady
                0x00fe6524        0x6 ./obj/Release/core0/FreeRTOS_IP.o
                0x00fe6524                xIPIsNetworkTaskReady
 *fill*         0x00fe652a        0x2 
 .text.pxListFindListItemWithValue
                0x00fe652c       0x5a ./obj/Release/core0/FreeRTOS_Sockets.o
 *fill*         0x00fe6586        0x2 
 .text.vNetworkSocketsInit
                0x00fe6588       0x2a ./obj/Release/core0/FreeRTOS_Sockets.o
                0x00fe6588                vNetworkSocketsInit
 *fill*         0x00fe65b2        0x2 
 .text.FreeRTOS_socket
                0x00fe65b4      0x10e ./obj/Release/core0/FreeRTOS_Sockets.o
                0x00fe65b4                FreeRTOS_socket
 *fill*         0x00fe66c2        0x2 
 .text.FreeRTOS_recvfrom
                0x00fe66c4      0x182 ./obj/Release/core0/FreeRTOS_Sockets.o
                0x00fe66c4                FreeRTOS_recvfrom
 *fill*         0x00fe6846        0x2 
 .text.FreeRTOS_bind
                0x00fe6848       0x7e ./obj/Release/core0/FreeRTOS_Sockets.o
                0x00fe6848                FreeRTOS_bind
 *fill*         0x00fe68c6        0x2 
 .text.FreeRTOS_sendto
                0x00fe68c8      0x138 ./obj/Release/core0/FreeRTOS_Sockets.o
                0x00fe68c8                FreeRTOS_sendto
 .text.vSocketBind
                0x00fe6a00      0x13c ./obj/Release/core0/FreeRTOS_Sockets.o
                0x00fe6a00                vSocketBind
 .text.FreeRTOS_closesocket
                0x00fe6b3c       0x38 ./obj/Release/core0/FreeRTOS_Sockets.o
                0x00fe6b3c                FreeRTOS_closesocket
 .text.vSocketClose
                0x00fe6b74       0xf8 ./obj/Release/core0/FreeRTOS_Sockets.o
                0x00fe6b74                vSocketClose
 .text.FreeRTOS_setsockopt
                0x00fe6c6c      0x2c4 ./obj/Release/core0/FreeRTOS_Sockets.o
                0x00fe6c6c                FreeRTOS_setsockopt
 .text.pxUDPSocketLookup
                0x00fe6f30       0x2c ./obj/Release/core0/FreeRTOS_Sockets.o
                0x00fe6f30                pxUDPSocketLookup
 .text.vSocketWakeUpUser
                0x00fe6f5c       0x58 ./obj/Release/core0/FreeRTOS_Sockets.o
                0x00fe6f5c                vSocketWakeUpUser
 .text.xTCPTimerCheck
                0x00fe6fb4       0xca ./obj/Release/core0/FreeRTOS_Sockets.o
                0x00fe6fb4                xTCPTimerCheck
 *fill*         0x00fe707e        0x2 
 .text.pxTCPSocketLookup
                0x00fe7080       0x6e ./obj/Release/core0/FreeRTOS_Sockets.o
                0x00fe7080                pxTCPSocketLookup
 *fill*         0x00fe70ee        0x2 
 .text.lTCPAddRxdata
                0x00fe70f0      0x124 ./obj/Release/core0/FreeRTOS_Sockets.o
                0x00fe70f0                lTCPAddRxdata
 .text.FreeRTOS_tx_space
                0x00fe7214       0x38 ./obj/Release/core0/FreeRTOS_Sockets.o
                0x00fe7214                FreeRTOS_tx_space
 .text.vSocketSelect
                0x00fe724c      0x1bc ./obj/Release/core0/FreeRTOS_Sockets.o
                0x00fe724c                vSocketSelect
 .text.uxStreamBufferAdd
                0x00fe7408      0x14a ./obj/Release/core0/FreeRTOS_Stream_Buffer.o
                0x00fe7408                uxStreamBufferAdd
 *fill*         0x00fe7552        0x2 
 .text.uxStreamBufferGet
                0x00fe7554       0xce ./obj/Release/core0/FreeRTOS_Stream_Buffer.o
                0x00fe7554                uxStreamBufferGet
 *fill*         0x00fe7622        0x2 
 .text.prvTCPAddTxData
                0x00fe7624       0x78 ./obj/Release/core0/FreeRTOS_TCP_IP.o
 .text.prvTCPReturnPacket
                0x00fe769c      0x276 ./obj/Release/core0/FreeRTOS_TCP_IP.o
 *fill*         0x00fe7912        0x2 
 .text.prvTCPSendReset
                0x00fe7914       0x2c ./obj/Release/core0/FreeRTOS_TCP_IP.o
 .text.prvTCPCreateWindow
                0x00fe7940       0x26 ./obj/Release/core0/FreeRTOS_TCP_IP.o
 *fill*         0x00fe7966        0x2 
 .text.prvTCPNextTimeout
                0x00fe7968      0x10e ./obj/Release/core0/FreeRTOS_TCP_IP.o
 *fill*         0x00fe7a76        0x2 
 .text.vTCPStateChange
                0x00fe7a78      0x1fe ./obj/Release/core0/FreeRTOS_TCP_IP.o
                0x00fe7a78                vTCPStateChange
 *fill*         0x00fe7c76        0x2 
 .text.prvTCPPrepareSend
                0x00fe7c78      0x36e ./obj/Release/core0/FreeRTOS_TCP_IP.o
 *fill*         0x00fe7fe6        0x2 
 .text.prvTCPSendRepeated
                0x00fe7fe8       0x4e ./obj/Release/core0/FreeRTOS_TCP_IP.o
 *fill*         0x00fe8036        0x2 
 .text.xTCPSocketCheck
                0x00fe8038      0x312 ./obj/Release/core0/FreeRTOS_TCP_IP.o
                0x00fe8038                xTCPSocketCheck
 *fill*         0x00fe834a        0x2 
 .text.prvTCPHandleFin.isra.4
                0x00fe834c      0x108 ./obj/Release/core0/FreeRTOS_TCP_IP.o
 .text.xProcessReceivedTCPPacket
                0x00fe8454      0xb4e ./obj/Release/core0/FreeRTOS_TCP_IP.o
                0x00fe8454                xProcessReceivedTCPPacket
 *fill*         0x00fe8fa2        0x2 
 .text.xTCPCheckNewClient
                0x00fe8fa4       0x4e ./obj/Release/core0/FreeRTOS_TCP_IP.o
                0x00fe8fa4                xTCPCheckNewClient
 *fill*         0x00fe8ff2        0x2 
 .text.prvTCPWindowTxHasSpace
                0x00fe8ff4       0x6c ./obj/Release/core0/FreeRTOS_TCP_WIN.o
 .text.vTCPWindowFree
                0x00fe9060       0x64 ./obj/Release/core0/FreeRTOS_TCP_WIN.o
 .text.prvTCPWindowTxCheckAck
                0x00fe90c4      0x150 ./obj/Release/core0/FreeRTOS_TCP_WIN.o
 .text.xTCPWindowNew
                0x00fe9214       0x8c ./obj/Release/core0/FreeRTOS_TCP_WIN.o
 .text.xTCPWindowRxEmpty
                0x00fe92a0       0x1a ./obj/Release/core0/FreeRTOS_TCP_WIN.o
                0x00fe92a0                xTCPWindowRxEmpty
 *fill*         0x00fe92ba        0x2 
 .text.vTCPWindowDestroy
                0x00fe92bc       0x6e ./obj/Release/core0/FreeRTOS_TCP_WIN.o
                0x00fe92bc                vTCPWindowDestroy
 *fill*         0x00fe932a        0x2 
 .text.vTCPWindowInit
                0x00fe932c       0x66 ./obj/Release/core0/FreeRTOS_TCP_WIN.o
                0x00fe932c                vTCPWindowInit
 *fill*         0x00fe9392        0x2 
 .text.vTCPWindowCreate
                0x00fe9394       0xf2 ./obj/Release/core0/FreeRTOS_TCP_WIN.o
                0x00fe9394                vTCPWindowCreate
 *fill*         0x00fe9486        0x2 
 .text.lTCPWindowRxCheck
                0x00fe9488      0x212 ./obj/Release/core0/FreeRTOS_TCP_WIN.o
                0x00fe9488                lTCPWindowRxCheck
 *fill*         0x00fe969a        0x2 
 .text.lTCPWindowTxAdd
                0x00fe969c      0x110 ./obj/Release/core0/FreeRTOS_TCP_WIN.o
                0x00fe969c                lTCPWindowTxAdd
 .text.xTCPWindowTxDone
                0x00fe97ac        0xc ./obj/Release/core0/FreeRTOS_TCP_WIN.o
                0x00fe97ac                xTCPWindowTxDone
 .text.xTCPWindowTxHasData
                0x00fe97b8       0xae ./obj/Release/core0/FreeRTOS_TCP_WIN.o
                0x00fe97b8                xTCPWindowTxHasData
 *fill*         0x00fe9866        0x2 
 .text.ulTCPWindowTxGet
                0x00fe9868      0x170 ./obj/Release/core0/FreeRTOS_TCP_WIN.o
                0x00fe9868                ulTCPWindowTxGet
 .text.ulTCPWindowTxAck
                0x00fe99d8       0x16 ./obj/Release/core0/FreeRTOS_TCP_WIN.o
                0x00fe99d8                ulTCPWindowTxAck
 *fill*         0x00fe99ee        0x2 
 .text.ulTCPWindowTxSack
                0x00fe99f0       0x9c ./obj/Release/core0/FreeRTOS_TCP_WIN.o
                0x00fe99f0                ulTCPWindowTxSack
 .text.vProcessGeneratedUDPPacket
                0x00fe9a8c      0x102 ./obj/Release/core0/FreeRTOS_UDP_IP.o
                0x00fe9a8c                vProcessGeneratedUDPPacket
 *fill*         0x00fe9b8e        0x2 
 .text.xProcessReceivedUDPPacket
                0x00fe9b90       0x90 ./obj/Release/core0/FreeRTOS_UDP_IP.o
                0x00fe9b90                xProcessReceivedUDPPacket
 .text.EthBufferAlloc
                0x00fe9c20       0x26 ./obj/Release/core0/NetworkInterface.o
 *fill*         0x00fe9c46        0x2 
 .text.prvEMACHandlerTask
                0x00fe9c48      0x106 ./obj/Release/core0/NetworkInterface.o
 *fill*         0x00fe9d4e        0x2 
 .text.HAL_ETH_RxCpltCallback
                0x00fe9d50       0x92 ./obj/Release/core0/NetworkInterface.o
                0x00fe9d50                HAL_ETH_RxCpltCallback
 *fill*         0x00fe9de2        0x2 
 .text.EthTxBufferFreeHook
                0x00fe9de4        0x2 ./obj/Release/core0/NetworkInterface.o
                0x00fe9de4                EthTxBufferFreeHook
 *fill*         0x00fe9de6        0x2 
 .text.EthTxBufferOutHook
                0x00fe9de8        0x2 ./obj/Release/core0/NetworkInterface.o
                0x00fe9de8                EthTxBufferOutHook
 *fill*         0x00fe9dea        0x2 
 .text.xNetworkInterfaceInitialise
                0x00fe9dec      0x100 ./obj/Release/core0/NetworkInterface.o
                0x00fe9dec                xNetworkInterfaceInitialise
 .text.xNetworkInterfaceOutput
                0x00fe9eec       0xb2 ./obj/Release/core0/NetworkInterface.o
                0x00fe9eec                xNetworkInterfaceOutput
 *fill*         0x00fe9f9e        0x2 
 .text.vNetworkInterfaceAllocateRAMToBuffers
                0x00fe9fa0       0x24 ./obj/Release/core0/NetworkInterface.o
                0x00fe9fa0                vNetworkInterfaceAllocateRAMToBuffers
 .text.uxRand   0x00fe9fc4       0x64 ./obj/Release/core0/NetworkInterface.o
                0x00fe9fc4                uxRand
 .text.vApplicationIPNetworkEventHook
                0x00fea028        0x2 ./obj/Release/core0/NetworkInterface.o
                0x00fea028                vApplicationIPNetworkEventHook
 *fill*         0x00fea02a        0x2 
 .text.ulApplicationGetNextSequenceNumber
                0x00fea02c       0x34 ./obj/Release/core0/NetworkInterface.o
                0x00fea02c                ulApplicationGetNextSequenceNumber
 .text.xNetworkBuffersInitialise
                0x00fea060       0x8c ./obj/Release/core0/BufferAllocation_1.o
                0x00fea060                xNetworkBuffersInitialise
 .text.pxGetNetworkBufferWithDescriptor
                0x00fea0ec       0xd8 ./obj/Release/core0/BufferAllocation_1.o
                0x00fea0ec                pxGetNetworkBufferWithDescriptor
 .text.vReleaseNetworkBufferAndDescriptor
                0x00fea1c4       0xb2 ./obj/Release/core0/BufferAllocation_1.o
                0x00fea1c4                vReleaseNetworkBufferAndDescriptor
 *fill*         0x00fea276        0x2 
 .text.xEventGroupCreate
                0x00fea278       0x2e ./obj/Release/core0/event_groups.o
                0x00fea278                xEventGroupCreate
 *fill*         0x00fea2a6        0x2 
 .text.xEventGroupWaitBits
                0x00fea2a8      0x102 ./obj/Release/core0/event_groups.o
                0x00fea2a8                xEventGroupWaitBits
 *fill*         0x00fea3aa        0x2 
 .text.xEventGroupClearBits
                0x00fea3ac       0x2e ./obj/Release/core0/event_groups.o
                0x00fea3ac                xEventGroupClearBits
 *fill*         0x00fea3da        0x2 
 .text.xEventGroupSetBits
                0x00fea3dc       0x8c ./obj/Release/core0/event_groups.o
                0x00fea3dc                xEventGroupSetBits
 .text.vEventGroupDelete
                0x00fea468       0x3a ./obj/Release/core0/event_groups.o
                0x00fea468                vEventGroupDelete
 *fill*         0x00fea4a2        0x2 
 .text.vListInitialise
                0x00fea4a4       0x14 ./obj/Release/core0/list.o
                0x00fea4a4                vListInitialise
 .text.vListInitialiseItem
                0x00fea4b8        0x6 ./obj/Release/core0/list.o
                0x00fea4b8                vListInitialiseItem
 *fill*         0x00fea4be        0x2 
 .text.vListInsertEnd
                0x00fea4c0       0x18 ./obj/Release/core0/list.o
                0x00fea4c0                vListInsertEnd
 .text.vListInsert
                0x00fea4d8       0x46 ./obj/Release/core0/list.o
                0x00fea4d8                vListInsert
 *fill*         0x00fea51e        0x2 
 .text.uxListRemove
                0x00fea520       0x36 ./obj/Release/core0/list.o
                0x00fea520                uxListRemove
 *fill*         0x00fea556        0x2 
 .text.prvCopyDataToQueue
                0x00fea558       0xba ./obj/Release/core0/queue.o
 *fill*         0x00fea612        0x2 
 .text.prvCopyDataFromQueue
                0x00fea614       0x26 ./obj/Release/core0/queue.o
 *fill*         0x00fea63a        0x2 
 .text.prvUnlockQueue
                0x00fea63c       0xdc ./obj/Release/core0/queue.o
 .text.xQueueGenericReset
                0x00fea718       0xa2 ./obj/Release/core0/queue.o
                0x00fea718                xQueueGenericReset
 *fill*         0x00fea7ba        0x2 
 .text.xQueueGenericCreate
                0x00fea7bc       0x60 ./obj/Release/core0/queue.o
                0x00fea7bc                xQueueGenericCreate
 .text.xQueueCreateCountingSemaphore
                0x00fea81c       0x26 ./obj/Release/core0/queue.o
                0x00fea81c                xQueueCreateCountingSemaphore
 *fill*         0x00fea842        0x2 
 .text.xQueueGenericSend
                0x00fea844      0x1ac ./obj/Release/core0/queue.o
                0x00fea844                xQueueGenericSend
 .text.xQueueCreateMutex
                0x00fea9f0       0x3a ./obj/Release/core0/queue.o
                0x00fea9f0                xQueueCreateMutex
 *fill*         0x00feaa2a        0x2 
 .text.xQueueGenericSendFromISR
                0x00feaa2c      0x122 ./obj/Release/core0/queue.o
                0x00feaa2c                xQueueGenericSendFromISR
 *fill*         0x00feab4e        0x2 
 .text.xQueueGiveFromISR
                0x00feab50       0xea ./obj/Release/core0/queue.o
                0x00feab50                xQueueGiveFromISR
 *fill*         0x00feac3a        0x2 
 .text.xQueueReceive
                0x00feac3c      0x16e ./obj/Release/core0/queue.o
                0x00feac3c                xQueueReceive
 *fill*         0x00feadaa        0x2 
 .text.xQueueSemaphoreTake
                0x00feadac      0x1b8 ./obj/Release/core0/queue.o
                0x00feadac                xQueueSemaphoreTake
 .text.uxQueueMessagesWaiting
                0x00feaf64       0x22 ./obj/Release/core0/queue.o
                0x00feaf64                uxQueueMessagesWaiting
 *fill*         0x00feaf86        0x2 
 .text.vQueueDelete
                0x00feaf88        0x4 ./obj/Release/core0/queue.o
                0x00feaf88                vQueueDelete
 .text.vQueueWaitForMessageRestricted
                0x00feaf8c       0x6a ./obj/Release/core0/queue.o
                0x00feaf8c                vQueueWaitForMessageRestricted
 *fill*         0x00feaff6        0x2 
 .text.prvIdleTask
                0x00feaff8       0xb6 ./obj/Release/core0/tasks.o
 *fill*         0x00feb0ae        0x2 
 .text.prvAddCurrentTaskToDelayedList
                0x00feb0b0      0x14e ./obj/Release/core0/tasks.o
 *fill*         0x00feb1fe        0x2 
 .text.prvResetNextTaskUnblockTime
                0x00feb200       0x54 ./obj/Release/core0/tasks.o
 .text.xTaskCreate
                0x00feb254      0x37a ./obj/Release/core0/tasks.o
                0x00feb254                xTaskCreate
 *fill*         0x00feb5ce        0x2 
 .text.vTaskStartScheduler
                0x00feb5d0       0xbe ./obj/Release/core0/tasks.o
                0x00feb5d0                vTaskStartScheduler
 *fill*         0x00feb68e        0x2 
 .text.vTaskSuspendAll
                0x00feb690       0x1a ./obj/Release/core0/tasks.o
                0x00feb690                vTaskSuspendAll
 *fill*         0x00feb6aa        0x2 
 .text.xTaskGetTickCount
                0x00feb6ac       0x14 ./obj/Release/core0/tasks.o
                0x00feb6ac                xTaskGetTickCount
 .text.xTaskIncrementTick
                0x00feb6c0      0x24a ./obj/Release/core0/tasks.o
                0x00feb6c0                xTaskIncrementTick
 *fill*         0x00feb90a        0x2 
 .text.xTaskResumeAll
                0x00feb90c      0x1be ./obj/Release/core0/tasks.o
                0x00feb90c                xTaskResumeAll
 *fill*         0x00febaca        0x2 
 .text.vTaskDelay
                0x00febacc       0x4a ./obj/Release/core0/tasks.o
                0x00febacc                vTaskDelay
 *fill*         0x00febb16        0x2 
 .text.vTaskSwitchContext
                0x00febb18       0xae ./obj/Release/core0/tasks.o
                0x00febb18                vTaskSwitchContext
 *fill*         0x00febbc6        0x2 
 .text.vTaskPlaceOnEventList
                0x00febbc8       0x34 ./obj/Release/core0/tasks.o
                0x00febbc8                vTaskPlaceOnEventList
 .text.vTaskPlaceOnUnorderedEventList
                0x00febbfc       0x42 ./obj/Release/core0/tasks.o
                0x00febbfc                vTaskPlaceOnUnorderedEventList
 *fill*         0x00febc3e        0x2 
 .text.vTaskPlaceOnEventListRestricted
                0x00febc40       0x42 ./obj/Release/core0/tasks.o
                0x00febc40                vTaskPlaceOnEventListRestricted
 *fill*         0x00febc82        0x2 
 .text.xTaskRemoveFromEventList
                0x00febc84       0xe8 ./obj/Release/core0/tasks.o
                0x00febc84                xTaskRemoveFromEventList
 .text.vTaskRemoveFromUnorderedEventList
                0x00febd6c       0xa6 ./obj/Release/core0/tasks.o
                0x00febd6c                vTaskRemoveFromUnorderedEventList
 *fill*         0x00febe12        0x2 
 .text.vTaskSetTimeOutState
                0x00febe14       0x44 ./obj/Release/core0/tasks.o
                0x00febe14                vTaskSetTimeOutState
 .text.vTaskInternalSetTimeOutState
                0x00febe58       0x2a ./obj/Release/core0/tasks.o
                0x00febe58                vTaskInternalSetTimeOutState
 *fill*         0x00febe82        0x2 
 .text.xTaskCheckForTimeOut
                0x00febe84       0xf8 ./obj/Release/core0/tasks.o
                0x00febe84                xTaskCheckForTimeOut
 .text.vTaskMissedYield
                0x00febf7c       0x16 ./obj/Release/core0/tasks.o
                0x00febf7c                vTaskMissedYield
 *fill*         0x00febf92        0x2 
 .text.xTaskGetCurrentTaskHandle
                0x00febf94       0x14 ./obj/Release/core0/tasks.o
                0x00febf94                xTaskGetCurrentTaskHandle
 .text.xTaskGetSchedulerState
                0x00febfa8       0x36 ./obj/Release/core0/tasks.o
                0x00febfa8                xTaskGetSchedulerState
 *fill*         0x00febfde        0x2 
 .text.xTaskPriorityInherit
                0x00febfe0      0x17c ./obj/Release/core0/tasks.o
                0x00febfe0                xTaskPriorityInherit
 .text.xTaskPriorityDisinherit
                0x00fec15c      0x114 ./obj/Release/core0/tasks.o
                0x00fec15c                xTaskPriorityDisinherit
 .text.vTaskPriorityDisinheritAfterTimeout
                0x00fec270      0x13a ./obj/Release/core0/tasks.o
                0x00fec270                vTaskPriorityDisinheritAfterTimeout
 *fill*         0x00fec3aa        0x2 
 .text.uxTaskResetEventItemValue
                0x00fec3ac       0x32 ./obj/Release/core0/tasks.o
                0x00fec3ac                uxTaskResetEventItemValue
 *fill*         0x00fec3de        0x2 
 .text.pvTaskIncrementMutexHeldCount
                0x00fec3e0       0x38 ./obj/Release/core0/tasks.o
                0x00fec3e0                pvTaskIncrementMutexHeldCount
 .text.xTaskNotifyWait
                0x00fec418       0xde ./obj/Release/core0/tasks.o
                0x00fec418                xTaskNotifyWait
 *fill*         0x00fec4f6        0x2 
 .text.xTaskGenericNotifyFromISR
                0x00fec4f8      0x1cc ./obj/Release/core0/tasks.o
                0x00fec4f8                xTaskGenericNotifyFromISR
 .text.prvCheckForValidListAndQueue
                0x00fec6c4       0xd4 ./obj/Release/core0/timers.o
 .text.prvInsertTimerInActiveList
                0x00fec798       0x7e ./obj/Release/core0/timers.o
 *fill*         0x00fec816        0x2 
 .text.xTimerCreateTimerTask
                0x00fec818       0x60 ./obj/Release/core0/timers.o
                0x00fec818                xTimerCreateTimerTask
 .text.xTimerGenericCommand
                0x00fec878       0xb2 ./obj/Release/core0/timers.o
                0x00fec878                xTimerGenericCommand
 *fill*         0x00fec92a        0x2 
 .text.prvSwitchTimerLists
                0x00fec92c       0xd8 ./obj/Release/core0/timers.o
 .text.prvTimerTask
                0x00feca04      0x298 ./obj/Release/core0/timers.o
 .text.vPortTickISR
                0x00fecc9c       0xaa ./obj/Release/core0/port.o
                0x00fecc9c                vPortTickISR
 *fill*         0x00fecd46        0x2 
 .text.pxPortInitialiseStack
                0x00fecd48       0xde ./obj/Release/core0/port.o
                0x00fecd48                pxPortInitialiseStack
 *fill*         0x00fece26        0x2 
 .text.xPortStartScheduler
                0x00fece28       0x2a ./obj/Release/core0/port.o
                0x00fece28                xPortStartScheduler
 *fill*         0x00fece52        0x2 
 .text.vPortTaskEnterCritical
                0x00fece54       0x30 ./obj/Release/core0/port.o
                0x00fece54                vPortTaskEnterCritical
 .text.vPortTaskExitCritical
                0x00fece84       0x32 ./obj/Release/core0/port.o
                0x00fece84                vPortTaskExitCritical
 *fill*         0x00feceb6        0x2 
 .text.prvPortTimerSetup
                0x00feceb8       0x98 ./obj/Release/core0/porttimer.o
                0x00feceb8                prvPortTimerSetup
 .text.prvPortTimerReset
                0x00fecf50       0x3a ./obj/Release/core0/porttimer.o
                0x00fecf50                prvPortTimerReset
 *fill*         0x00fecf8a        0x2 
 .text.OSIF_TimeDelay
                0x00fecf8c       0x16 ./obj/Release/core0/osif_freertos.o
                0x00fecf8c                OSIF_TimeDelay
 *fill*         0x00fecfa2        0x2 
 .text.OSIF_SemaPost
                0x00fecfa4       0xd4 ./obj/Release/core0/osif_freertos.o
                0x00fecfa4                OSIF_SemaPost
 .text.prvInsertBlockIntoFreeList
                0x00fed078       0x5e ./obj/Release/core0/heap_4.o
 *fill*         0x00fed0d6        0x2 
 .text.pvPortMalloc
                0x00fed0d8      0x14e ./obj/Release/core0/heap_4.o
                0x00fed0d8                pvPortMalloc
 *fill*         0x00fed226        0x2 
 .text.vPortFree
                0x00fed228       0x7a ./obj/Release/core0/heap_4.o
                0x00fed228                vPortFree
 *fill*         0x00fed2a2        0x2 
 .text.CLOCK_SYS_CalculateFrequenciesOfClockSources
                0x00fed2a4      0x136 ./obj/Release/core0/clock_MPC57xx.o
 *fill*         0x00fed3da        0x2 
 .text.CLOCK_SYS_GetSystemClockFreq
                0x00fed3dc      0x180 ./obj/Release/core0/clock_MPC57xx.o
 .text.CLOCK_DRV_GetFreq
                0x00fed55c      0x3d8 ./obj/Release/core0/clock_MPC57xx.o
                0x00fed55c                CLOCK_DRV_GetFreq
 .text.CLOCK_DRV_Init
                0x00fed934      0xc2e ./obj/Release/core0/clock_MPC57xx.o
                0x00fed934                CLOCK_DRV_Init
 *fill*         0x00fee562        0x2 
 .text.CLOCK_SYS_Init
                0x00fee564       0x18 ./obj/Release/core0/clock_MPC57xx.o
                0x00fee564                CLOCK_SYS_Init
 .text.CLOCK_SYS_UpdateConfiguration
                0x00fee57c      0x15c ./obj/Release/core0/clock_MPC57xx.o
                0x00fee57c                CLOCK_SYS_UpdateConfiguration
 .text.CLOCK_SYS_GetFreq
                0x00fee6d8        0x4 ./obj/Release/core0/clock_MPC57xx.o
                0x00fee6d8                CLOCK_SYS_GetFreq
 .text.DSPI_UpdateTransferDoneState
                0x00fee6dc       0x6c ./obj/Release/core0/dspi_driver.o
 .text.DSPI_SEND_isr
                0x00fee748      0x108 ./obj/Release/core0/dspi_driver.o
 .text.DSPI_RECEIVE_isr
                0x00fee850       0xc8 ./obj/Release/core0/dspi_driver.o
 .text.DSPI_AbortTransfer
                0x00fee918       0x56 ./obj/Release/core0/dspi_driver.o
                0x00fee918                DSPI_AbortTransfer
 *fill*         0x00fee96e        0x2 
 .text.DSPI0_Send_IRQHandler
                0x00fee970        0x6 ./obj/Release/core0/dspi_driver.o
                0x00fee970                DSPI0_Send_IRQHandler
 *fill*         0x00fee976        0x2 
 .text.DSPI1_Send_IRQHandler
                0x00fee978        0x6 ./obj/Release/core0/dspi_driver.o
                0x00fee978                DSPI1_Send_IRQHandler
 *fill*         0x00fee97e        0x2 
 .text.DSPI2_Send_IRQHandler
                0x00fee980        0x6 ./obj/Release/core0/dspi_driver.o
                0x00fee980                DSPI2_Send_IRQHandler
 *fill*         0x00fee986        0x2 
 .text.DSPI3_Send_IRQHandler
                0x00fee988        0x6 ./obj/Release/core0/dspi_driver.o
                0x00fee988                DSPI3_Send_IRQHandler
 *fill*         0x00fee98e        0x2 
 .text.DSPI4_Send_IRQHandler
                0x00fee990        0x6 ./obj/Release/core0/dspi_driver.o
                0x00fee990                DSPI4_Send_IRQHandler
 *fill*         0x00fee996        0x2 
 .text.DSPI5_Send_IRQHandler
                0x00fee998        0x6 ./obj/Release/core0/dspi_driver.o
                0x00fee998                DSPI5_Send_IRQHandler
 *fill*         0x00fee99e        0x2 
 .text.DSPI6_Send_IRQHandler
                0x00fee9a0        0x6 ./obj/Release/core0/dspi_driver.o
                0x00fee9a0                DSPI6_Send_IRQHandler
 *fill*         0x00fee9a6        0x2 
 .text.DSPI7_Send_IRQHandler
                0x00fee9a8        0x6 ./obj/Release/core0/dspi_driver.o
                0x00fee9a8                DSPI7_Send_IRQHandler
 *fill*         0x00fee9ae        0x2 
 .text.DSPI8_Send_IRQHandler
                0x00fee9b0        0x6 ./obj/Release/core0/dspi_driver.o
                0x00fee9b0                DSPI8_Send_IRQHandler
 *fill*         0x00fee9b6        0x2 
 .text.DSPI9_Send_IRQHandler
                0x00fee9b8        0x6 ./obj/Release/core0/dspi_driver.o
                0x00fee9b8                DSPI9_Send_IRQHandler
 *fill*         0x00fee9be        0x2 
 .text.DSPI0_Receive_IRQHandler
                0x00fee9c0        0x6 ./obj/Release/core0/dspi_driver.o
                0x00fee9c0                DSPI0_Receive_IRQHandler
 *fill*         0x00fee9c6        0x2 
 .text.DSPI1_Receive_IRQHandler
                0x00fee9c8        0x6 ./obj/Release/core0/dspi_driver.o
                0x00fee9c8                DSPI1_Receive_IRQHandler
 *fill*         0x00fee9ce        0x2 
 .text.DSPI2_Receive_IRQHandler
                0x00fee9d0        0x6 ./obj/Release/core0/dspi_driver.o
                0x00fee9d0                DSPI2_Receive_IRQHandler
 *fill*         0x00fee9d6        0x2 
 .text.DSPI3_Receive_IRQHandler
                0x00fee9d8        0x6 ./obj/Release/core0/dspi_driver.o
                0x00fee9d8                DSPI3_Receive_IRQHandler
 *fill*         0x00fee9de        0x2 
 .text.DSPI4_Receive_IRQHandler
                0x00fee9e0        0x6 ./obj/Release/core0/dspi_driver.o
                0x00fee9e0                DSPI4_Receive_IRQHandler
 *fill*         0x00fee9e6        0x2 
 .text.DSPI5_Receive_IRQHandler
                0x00fee9e8        0x6 ./obj/Release/core0/dspi_driver.o
                0x00fee9e8                DSPI5_Receive_IRQHandler
 *fill*         0x00fee9ee        0x2 
 .text.DSPI6_Receive_IRQHandler
                0x00fee9f0        0x6 ./obj/Release/core0/dspi_driver.o
                0x00fee9f0                DSPI6_Receive_IRQHandler
 *fill*         0x00fee9f6        0x2 
 .text.DSPI7_Receive_IRQHandler
                0x00fee9f8        0x6 ./obj/Release/core0/dspi_driver.o
                0x00fee9f8                DSPI7_Receive_IRQHandler
 *fill*         0x00fee9fe        0x2 
 .text.DSPI8_Receive_IRQHandler
                0x00feea00        0x6 ./obj/Release/core0/dspi_driver.o
                0x00feea00                DSPI8_Receive_IRQHandler
 *fill*         0x00feea06        0x2 
 .text.DSPI9_Receive_IRQHandler
                0x00feea08        0x6 ./obj/Release/core0/dspi_driver.o
                0x00feea08                DSPI9_Receive_IRQHandler
 *fill*         0x00feea0e        0x2 
 .text.DSPI0_FIFO_Error_IRQHandler
                0x00feea10       0x28 ./obj/Release/core0/dspi_driver.o
                0x00feea10                DSPI0_FIFO_Error_IRQHandler
 .text.DSPI1_FIFO_Error_IRQHandler
                0x00feea38       0x28 ./obj/Release/core0/dspi_driver.o
                0x00feea38                DSPI1_FIFO_Error_IRQHandler
 .text.DSPI2_FIFO_Error_IRQHandler
                0x00feea60       0x28 ./obj/Release/core0/dspi_driver.o
                0x00feea60                DSPI2_FIFO_Error_IRQHandler
 .text.DSPI3_FIFO_Error_IRQHandler
                0x00feea88       0x28 ./obj/Release/core0/dspi_driver.o
                0x00feea88                DSPI3_FIFO_Error_IRQHandler
 .text.DSPI4_FIFO_Error_IRQHandler
                0x00feeab0       0x28 ./obj/Release/core0/dspi_driver.o
                0x00feeab0                DSPI4_FIFO_Error_IRQHandler
 .text.DSPI5_FIFO_Error_IRQHandler
                0x00feead8       0x28 ./obj/Release/core0/dspi_driver.o
                0x00feead8                DSPI5_FIFO_Error_IRQHandler
 .text.DSPI6_FIFO_Error_IRQHandler
                0x00feeb00       0x28 ./obj/Release/core0/dspi_driver.o
                0x00feeb00                DSPI6_FIFO_Error_IRQHandler
 .text.DSPI7_FIFO_Error_IRQHandler
                0x00feeb28       0x28 ./obj/Release/core0/dspi_driver.o
                0x00feeb28                DSPI7_FIFO_Error_IRQHandler
 .text.DSPI8_FIFO_Error_IRQHandler
                0x00feeb50       0x28 ./obj/Release/core0/dspi_driver.o
                0x00feeb50                DSPI8_FIFO_Error_IRQHandler
 .text.DSPI9_FIFO_Error_IRQHandler
                0x00feeb78       0x28 ./obj/Release/core0/dspi_driver.o
                0x00feeb78                DSPI9_FIFO_Error_IRQHandler
 .text.EDMA_DRV_IRQHandler
                0x00feeba0       0x5a ./obj/Release/core0/edma_driver.o
                0x00feeba0                EDMA_DRV_IRQHandler
 *fill*         0x00feebfa        0x2 
 .text.EDMA_DRV_ErrorIRQHandler
                0x00feebfc       0x76 ./obj/Release/core0/edma_driver.o
                0x00feebfc                EDMA_DRV_ErrorIRQHandler
 *fill*         0x00feec72        0x2 
 .text.EDMA_DRV_StartChannel
                0x00feec74       0x20 ./obj/Release/core0/edma_driver.o
                0x00feec74                EDMA_DRV_StartChannel
 .text.EDMA_DRV_StopChannel
                0x00feec94       0x20 ./obj/Release/core0/edma_driver.o
                0x00feec94                EDMA_DRV_StopChannel
 .text.EDMA_DRV_SetDestAddr
                0x00feecb4        0xe ./obj/Release/core0/edma_driver.o
                0x00feecb4                EDMA_DRV_SetDestAddr
 *fill*         0x00feecc2        0x2 
 .text.EDMA_DRV_SetMajorLoopIterationCount
                0x00feecc4        0xe ./obj/Release/core0/edma_driver.o
                0x00feecc4                EDMA_DRV_SetMajorLoopIterationCount
 *fill*         0x00feecd2        0x2 
 .text.EDMA_DRV_GetDmaRegBaseAddr
                0x00feecd4        0x6 ./obj/Release/core0/edma_driver.o
                0x00feecd4                EDMA_DRV_GetDmaRegBaseAddr
 *fill*         0x00feecda        0x2 
 .text.EDMA_GetErrorIntStatusFlag
                0x00feecdc        0xa ./obj/Release/core0/edma_hw_access.o
                0x00feecdc                EDMA_GetErrorIntStatusFlag
 *fill*         0x00feece6        0x2 
 .text.EDMA_ClearErrorIntStatusFlag
                0x00feece8        0x6 ./obj/Release/core0/edma_hw_access.o
                0x00feece8                EDMA_ClearErrorIntStatusFlag
 *fill*         0x00feecee        0x2 
 .text.EDMA_SetDmaRequestCmd
                0x00feecf0       0x12 ./obj/Release/core0/edma_hw_access.o
                0x00feecf0                EDMA_SetDmaRequestCmd
 *fill*         0x00feed02        0x2 
 .text.EDMA_ClearDoneStatusFlag
                0x00feed04        0x6 ./obj/Release/core0/edma_hw_access.o
                0x00feed04                EDMA_ClearDoneStatusFlag
 *fill*         0x00feed0a        0x2 
 .text.EDMA_ClearIntStatusFlag
                0x00feed0c        0x6 ./obj/Release/core0/edma_hw_access.o
                0x00feed0c                EDMA_ClearIntStatusFlag
 *fill*         0x00feed12        0x2 
 .text.EDMA_TCDSetDestAddr
                0x00feed14        0xa ./obj/Release/core0/edma_hw_access.o
                0x00feed14                EDMA_TCDSetDestAddr
 *fill*         0x00feed1e        0x2 
 .text.EDMA_TCDSetMajorCount
                0x00feed20       0x4e ./obj/Release/core0/edma_hw_access.o
                0x00feed20                EDMA_TCDSetMajorCount
 *fill*         0x00feed6e        0x2 
 .text.DMA0_Ch0_IRQHandler
                0x00feed70        0x6 ./obj/Release/core0/edma_irq.o
                0x00feed70                DMA0_Ch0_IRQHandler
 *fill*         0x00feed76        0x2 
 .text.DMA0_Ch1_IRQHandler
                0x00feed78        0x6 ./obj/Release/core0/edma_irq.o
                0x00feed78                DMA0_Ch1_IRQHandler
 *fill*         0x00feed7e        0x2 
 .text.DMA0_Ch2_IRQHandler
                0x00feed80        0x6 ./obj/Release/core0/edma_irq.o
                0x00feed80                DMA0_Ch2_IRQHandler
 *fill*         0x00feed86        0x2 
 .text.DMA0_Ch3_IRQHandler
                0x00feed88        0x6 ./obj/Release/core0/edma_irq.o
                0x00feed88                DMA0_Ch3_IRQHandler
 *fill*         0x00feed8e        0x2 
 .text.DMA0_Ch4_IRQHandler
                0x00feed90        0x6 ./obj/Release/core0/edma_irq.o
                0x00feed90                DMA0_Ch4_IRQHandler
 *fill*         0x00feed96        0x2 
 .text.DMA0_Ch5_IRQHandler
                0x00feed98        0x6 ./obj/Release/core0/edma_irq.o
                0x00feed98                DMA0_Ch5_IRQHandler
 *fill*         0x00feed9e        0x2 
 .text.DMA0_Ch6_IRQHandler
                0x00feeda0        0x6 ./obj/Release/core0/edma_irq.o
                0x00feeda0                DMA0_Ch6_IRQHandler
 *fill*         0x00feeda6        0x2 
 .text.DMA0_Ch7_IRQHandler
                0x00feeda8        0x6 ./obj/Release/core0/edma_irq.o
                0x00feeda8                DMA0_Ch7_IRQHandler
 *fill*         0x00feedae        0x2 
 .text.DMA0_Ch8_IRQHandler
                0x00feedb0        0x6 ./obj/Release/core0/edma_irq.o
                0x00feedb0                DMA0_Ch8_IRQHandler
 *fill*         0x00feedb6        0x2 
 .text.DMA0_Ch9_IRQHandler
                0x00feedb8        0x6 ./obj/Release/core0/edma_irq.o
                0x00feedb8                DMA0_Ch9_IRQHandler
 *fill*         0x00feedbe        0x2 
 .text.DMA0_Ch10_IRQHandler
                0x00feedc0        0x6 ./obj/Release/core0/edma_irq.o
                0x00feedc0                DMA0_Ch10_IRQHandler
 *fill*         0x00feedc6        0x2 
 .text.DMA0_Ch11_IRQHandler
                0x00feedc8        0x6 ./obj/Release/core0/edma_irq.o
                0x00feedc8                DMA0_Ch11_IRQHandler
 *fill*         0x00feedce        0x2 
 .text.DMA0_Ch12_IRQHandler
                0x00feedd0        0x6 ./obj/Release/core0/edma_irq.o
                0x00feedd0                DMA0_Ch12_IRQHandler
 *fill*         0x00feedd6        0x2 
 .text.DMA0_Ch13_IRQHandler
                0x00feedd8        0x6 ./obj/Release/core0/edma_irq.o
                0x00feedd8                DMA0_Ch13_IRQHandler
 *fill*         0x00feedde        0x2 
 .text.DMA0_Ch14_IRQHandler
                0x00feede0        0x6 ./obj/Release/core0/edma_irq.o
                0x00feede0                DMA0_Ch14_IRQHandler
 *fill*         0x00feede6        0x2 
 .text.DMA0_Ch15_IRQHandler
                0x00feede8        0x6 ./obj/Release/core0/edma_irq.o
                0x00feede8                DMA0_Ch15_IRQHandler
 *fill*         0x00feedee        0x2 
 .text.DMA0_Ch16_IRQHandler
                0x00feedf0        0x6 ./obj/Release/core0/edma_irq.o
                0x00feedf0                DMA0_Ch16_IRQHandler
 *fill*         0x00feedf6        0x2 
 .text.DMA0_Ch17_IRQHandler
                0x00feedf8        0x6 ./obj/Release/core0/edma_irq.o
                0x00feedf8                DMA0_Ch17_IRQHandler
 *fill*         0x00feedfe        0x2 
 .text.DMA0_Ch18_IRQHandler
                0x00feee00        0x6 ./obj/Release/core0/edma_irq.o
                0x00feee00                DMA0_Ch18_IRQHandler
 *fill*         0x00feee06        0x2 
 .text.DMA0_Ch19_IRQHandler
                0x00feee08        0x6 ./obj/Release/core0/edma_irq.o
                0x00feee08                DMA0_Ch19_IRQHandler
 *fill*         0x00feee0e        0x2 
 .text.DMA0_Ch20_IRQHandler
                0x00feee10        0x6 ./obj/Release/core0/edma_irq.o
                0x00feee10                DMA0_Ch20_IRQHandler
 *fill*         0x00feee16        0x2 
 .text.DMA0_Ch21_IRQHandler
                0x00feee18        0x6 ./obj/Release/core0/edma_irq.o
                0x00feee18                DMA0_Ch21_IRQHandler
 *fill*         0x00feee1e        0x2 
 .text.DMA0_Ch22_IRQHandler
                0x00feee20        0x6 ./obj/Release/core0/edma_irq.o
                0x00feee20                DMA0_Ch22_IRQHandler
 *fill*         0x00feee26        0x2 
 .text.DMA0_Ch23_IRQHandler
                0x00feee28        0x6 ./obj/Release/core0/edma_irq.o
                0x00feee28                DMA0_Ch23_IRQHandler
 *fill*         0x00feee2e        0x2 
 .text.DMA0_Ch24_IRQHandler
                0x00feee30        0x6 ./obj/Release/core0/edma_irq.o
                0x00feee30                DMA0_Ch24_IRQHandler
 *fill*         0x00feee36        0x2 
 .text.DMA0_Ch25_IRQHandler
                0x00feee38        0x6 ./obj/Release/core0/edma_irq.o
                0x00feee38                DMA0_Ch25_IRQHandler
 *fill*         0x00feee3e        0x2 
 .text.DMA0_Ch26_IRQHandler
                0x00feee40        0x6 ./obj/Release/core0/edma_irq.o
                0x00feee40                DMA0_Ch26_IRQHandler
 *fill*         0x00feee46        0x2 
 .text.DMA0_Ch27_IRQHandler
                0x00feee48        0x6 ./obj/Release/core0/edma_irq.o
                0x00feee48                DMA0_Ch27_IRQHandler
 *fill*         0x00feee4e        0x2 
 .text.DMA0_Ch28_IRQHandler
                0x00feee50        0x6 ./obj/Release/core0/edma_irq.o
                0x00feee50                DMA0_Ch28_IRQHandler
 *fill*         0x00feee56        0x2 
 .text.DMA0_Ch29_IRQHandler
                0x00feee58        0x6 ./obj/Release/core0/edma_irq.o
                0x00feee58                DMA0_Ch29_IRQHandler
 *fill*         0x00feee5e        0x2 
 .text.DMA0_Ch30_IRQHandler
                0x00feee60        0x6 ./obj/Release/core0/edma_irq.o
                0x00feee60                DMA0_Ch30_IRQHandler
 *fill*         0x00feee66        0x2 
 .text.DMA0_Ch31_IRQHandler
                0x00feee68        0x6 ./obj/Release/core0/edma_irq.o
                0x00feee68                DMA0_Ch31_IRQHandler
 *fill*         0x00feee6e        0x2 
 .text.DMA0_Ch0_Ch31_Error_IRQHandler
                0x00feee70       0x54 ./obj/Release/core0/edma_irq.o
                0x00feee70                DMA0_Ch0_Ch31_Error_IRQHandler
 .text.ENET_DRV_ComputeCRC32
                0x00feeec4       0x36 ./obj/Release/core0/enet_driver.o
 *fill*         0x00feeefa        0x2 
 .text.ENET_DRV_ReadFrame
                0x00feeefc       0x9e ./obj/Release/core0/enet_driver.o
                0x00feeefc                ENET_DRV_ReadFrame
 *fill*         0x00feef9a        0x2 
 .text.ENET_DRV_SendFrame
                0x00feef9c       0xf8 ./obj/Release/core0/enet_driver.o
                0x00feef9c                ENET_DRV_SendFrame
 .text.ENET_DRV_GetCurrentTxBuffDesc
                0x00fef094       0x32 ./obj/Release/core0/enet_driver.o
                0x00fef094                ENET_DRV_GetCurrentTxBuffDesc
 *fill*         0x00fef0c6        0x2 
 .text.ENET_DRV_GetTxBuffDescStatus
                0x00fef0c8       0x1c ./obj/Release/core0/enet_driver.o
                0x00fef0c8                ENET_DRV_GetTxBuffDescStatus
 .text.ENET_DRV_ProvideRxBuff
                0x00fef0e4       0x58 ./obj/Release/core0/enet_driver.o
                0x00fef0e4                ENET_DRV_ProvideRxBuff
 .text.ENET_DRV_EnableMDIO
                0x00fef13c       0x88 ./obj/Release/core0/enet_driver.o
                0x00fef13c                ENET_DRV_EnableMDIO
 .text.ENET_DRV_SetMacAddr
                0x00fef1c4       0x36 ./obj/Release/core0/enet_driver.o
                0x00fef1c4                ENET_DRV_SetMacAddr
 *fill*         0x00fef1fa        0x2 
 .text.ENET_DRV_Init
                0x00fef1fc      0x396 ./obj/Release/core0/enet_driver.o
                0x00fef1fc                ENET_DRV_Init
 *fill*         0x00fef592        0x2 
 .text.ENET_DRV_SetMulticastForward
                0x00fef594       0xae ./obj/Release/core0/enet_driver.o
                0x00fef594                ENET_DRV_SetMulticastForward
 *fill*         0x00fef642        0x2 
 .text.ENET_DRV_SetSleepMode
                0x00fef644       0x26 ./obj/Release/core0/enet_driver.o
                0x00fef644                ENET_DRV_SetSleepMode
 *fill*         0x00fef66a        0x2 
 .text.ENET_DRV_TimerGet
                0x00fef66c       0x2a ./obj/Release/core0/enet_driver.o
                0x00fef66c                ENET_DRV_TimerGet
 *fill*         0x00fef696        0x2 
 .text.ENET_ConfigBufferDescriptors
                0x00fef698       0x54 ./obj/Release/core0/enet_hw_access.o
                0x00fef698                ENET_ConfigBufferDescriptors
 .text.ENET_ConfigReceiveControl
                0x00fef6ec       0xc2 ./obj/Release/core0/enet_hw_access.o
                0x00fef6ec                ENET_ConfigReceiveControl
 *fill*         0x00fef7ae        0x2 
 .text.ENET_ConfigTransmitControl
                0x00fef7b0       0x34 ./obj/Release/core0/enet_hw_access.o
                0x00fef7b0                ENET_ConfigTransmitControl
 .text.ENET_WriteManagementConfig
                0x00fef7e4       0x1c ./obj/Release/core0/enet_hw_access.o
                0x00fef7e4                ENET_WriteManagementConfig
 .text.ENET_ConfigCounters
                0x00fef800       0x40 ./obj/Release/core0/enet_hw_access.o
                0x00fef800                ENET_ConfigCounters
 .text.ENET_TransmitIRQHandler
                0x00fef840       0x50 ./obj/Release/core0/enet_hw_access.o
                0x00fef840                ENET_TransmitIRQHandler
 .text.ENET_ReceiveIRQHandler
                0x00fef890       0x50 ./obj/Release/core0/enet_hw_access.o
                0x00fef890                ENET_ReceiveIRQHandler
 .text.ENET_Transmit1IRQHandler
                0x00fef8e0       0x4e ./obj/Release/core0/enet_hw_access.o
                0x00fef8e0                ENET_Transmit1IRQHandler
 *fill*         0x00fef92e        0x2 
 .text.ENET_Receive1IRQHandler
                0x00fef930       0x4e ./obj/Release/core0/enet_hw_access.o
                0x00fef930                ENET_Receive1IRQHandler
 *fill*         0x00fef97e        0x2 
 .text.ENET_Transmit2IRQHandler
                0x00fef980       0x50 ./obj/Release/core0/enet_hw_access.o
                0x00fef980                ENET_Transmit2IRQHandler
 .text.ENET_Receive2IRQHandler
                0x00fef9d0       0x4e ./obj/Release/core0/enet_hw_access.o
                0x00fef9d0                ENET_Receive2IRQHandler
 *fill*         0x00fefa1e        0x2 
 .text.ENET_ErrorIRQHandler
                0x00fefa20       0x52 ./obj/Release/core0/enet_hw_access.o
                0x00fefa20                ENET_ErrorIRQHandler
 *fill*         0x00fefa72        0x2 
 .text.ENET_WakeIRQHandler
                0x00fefa74       0x66 ./obj/Release/core0/enet_hw_access.o
                0x00fefa74                ENET_WakeIRQHandler
 *fill*         0x00fefada        0x2 
 .text.ENET_TimerIRQHandler
                0x00fefadc       0x50 ./obj/Release/core0/enet_hw_access.o
                0x00fefadc                ENET_TimerIRQHandler
 .text.ENET_ParserIRQHandler
                0x00fefb2c       0x52 ./obj/Release/core0/enet_hw_access.o
                0x00fefb2c                ENET_ParserIRQHandler
 *fill*         0x00fefb7e        0x2 
 .text.ENET0_Tx_IRQHandler
                0x00fefb80        0x6 ./obj/Release/core0/enet_irq.o
                0x00fefb80                ENET0_Tx_IRQHandler
 *fill*         0x00fefb86        0x2 
 .text.ENET0_Rx_IRQHandler
                0x00fefb88        0x6 ./obj/Release/core0/enet_irq.o
                0x00fefb88                ENET0_Rx_IRQHandler
 *fill*         0x00fefb8e        0x2 
 .text.ENET0_Err_IRQHandler
                0x00fefb90       0x20 ./obj/Release/core0/enet_irq.o
                0x00fefb90                ENET0_Err_IRQHandler
 .text.ENET0_Timer_IRQHandler
                0x00fefbb0        0x6 ./obj/Release/core0/enet_irq.o
                0x00fefbb0                ENET0_Timer_IRQHandler
 *fill*         0x00fefbb6        0x2 
 .text.ENET0_Tx_1_IRQHandler
                0x00fefbb8        0x6 ./obj/Release/core0/enet_irq.o
                0x00fefbb8                ENET0_Tx_1_IRQHandler
 *fill*         0x00fefbbe        0x2 
 .text.ENET0_Rx_1_IRQHandler
                0x00fefbc0        0x6 ./obj/Release/core0/enet_irq.o
                0x00fefbc0                ENET0_Rx_1_IRQHandler
 *fill*         0x00fefbc6        0x2 
 .text.ENET0_Tx_2_IRQHandler
                0x00fefbc8        0x6 ./obj/Release/core0/enet_irq.o
                0x00fefbc8                ENET0_Tx_2_IRQHandler
 *fill*         0x00fefbce        0x2 
 .text.ENET0_Rx_2_IRQHandler
                0x00fefbd0        0x6 ./obj/Release/core0/enet_irq.o
                0x00fefbd0                ENET0_Rx_2_IRQHandler
 *fill*         0x00fefbd6        0x2 
 .text.ENET0_Parser_IRQHandler
                0x00fefbd8        0x6 ./obj/Release/core0/enet_irq.o
                0x00fefbd8                ENET0_Parser_IRQHandler
 *fill*         0x00fefbde        0x2 
 .text.ENET1_Tx_IRQHandler
                0x00fefbe0        0x6 ./obj/Release/core0/enet_irq.o
                0x00fefbe0                ENET1_Tx_IRQHandler
 *fill*         0x00fefbe6        0x2 
 .text.ENET1_Rx_IRQHandler
                0x00fefbe8        0x6 ./obj/Release/core0/enet_irq.o
                0x00fefbe8                ENET1_Rx_IRQHandler
 *fill*         0x00fefbee        0x2 
 .text.ENET1_Err_IRQHandler
                0x00fefbf0       0x20 ./obj/Release/core0/enet_irq.o
                0x00fefbf0                ENET1_Err_IRQHandler
 .text.ENET1_Timer_IRQHandler
                0x00fefc10        0x6 ./obj/Release/core0/enet_irq.o
                0x00fefc10                ENET1_Timer_IRQHandler
 *fill*         0x00fefc16        0x2 
 .text.ENET1_Tx_1_IRQHandler
                0x00fefc18        0x6 ./obj/Release/core0/enet_irq.o
                0x00fefc18                ENET1_Tx_1_IRQHandler
 *fill*         0x00fefc1e        0x2 
 .text.ENET1_Rx_1_IRQHandler
                0x00fefc20        0x6 ./obj/Release/core0/enet_irq.o
                0x00fefc20                ENET1_Rx_1_IRQHandler
 *fill*         0x00fefc26        0x2 
 .text.ENET1_Tx_2_IRQHandler
                0x00fefc28        0x6 ./obj/Release/core0/enet_irq.o
                0x00fefc28                ENET1_Tx_2_IRQHandler
 *fill*         0x00fefc2e        0x2 
 .text.ENET1_Rx_2_IRQHandler
                0x00fefc30        0x6 ./obj/Release/core0/enet_irq.o
                0x00fefc30                ENET1_Rx_2_IRQHandler
 *fill*         0x00fefc36        0x2 
 .text.ENET1_Parser_IRQHandler
                0x00fefc38        0x6 ./obj/Release/core0/enet_irq.o
                0x00fefc38                ENET1_Parser_IRQHandler
 *fill*         0x00fefc3e        0x2 
 .text.FCCU_DRV_IrqAlarmCallback.part.3
                0x00fefc40       0xf4 ./obj/Release/core0/fccu_driver.o
 .text.FCCU_DRV_IrqStatusSetEvent
                0x00fefd34       0x4c ./obj/Release/core0/fccu_driver.o
                0x00fefd34                FCCU_DRV_IrqStatusSetEvent
 .text.FCCU_DRV_IrqHandler
                0x00fefd80      0x10e ./obj/Release/core0/fccu_driver.o
                0x00fefd80                FCCU_DRV_IrqHandler
 *fill*         0x00fefe8e        0x2 
 .text.FCCU_ClearNCFsStatus
                0x00fefe90       0x16 ./obj/Release/core0/fccu_hw_access.o
                0x00fefe90                FCCU_ClearNCFsStatus
 *fill*         0x00fefea6        0x2 
 .text.FCCU_GetIntStatus
                0x00fefea8       0x1c ./obj/Release/core0/fccu_hw_access.o
                0x00fefea8                FCCU_GetIntStatus
 .text.FCCU_ClearIntFlag
                0x00fefec4       0x26 ./obj/Release/core0/fccu_hw_access.o
                0x00fefec4                FCCU_ClearIntFlag
 *fill*         0x00fefeea        0x2 
 .text.FCCU0_IRQ_Handler
                0x00fefeec        0x6 ./obj/Release/core0/fccu_irq.o
                0x00fefeec                FCCU0_IRQ_Handler
 *fill*         0x00fefef2        0x2 
 .text.FLASH_DRV_CheckEraseStatus
                0x00fefef4       0x70 ./obj/Release/core0/flash_c55_driver.o
                0x00fefef4                FLASH_DRV_CheckEraseStatus
 .text.FLASH_DRV_Init
                0x00feff64       0x12 ./obj/Release/core0/flash_c55_driver.o
                0x00feff64                FLASH_DRV_Init
 *fill*         0x00feff76        0x2 
 .text.FLASH_DRV_SetLock
                0x00feff78      0x1a8 ./obj/Release/core0/flash_c55_driver.o
                0x00feff78                FLASH_DRV_SetLock
 .text.FLASH_DRV_GetLock
                0x00ff0120      0x104 ./obj/Release/core0/flash_c55_driver.o
                0x00ff0120                FLASH_DRV_GetLock
 .text.FLASH_DRV_Erase
                0x00ff0224      0x25a ./obj/Release/core0/flash_c55_driver.o
                0x00ff0224                FLASH_DRV_Erase
 *fill*         0x00ff047e        0x2 
 .text.FLASH_DRV_BlankCheck
                0x00ff0480       0xa0 ./obj/Release/core0/flash_c55_driver.o
                0x00ff0480                FLASH_DRV_BlankCheck
 .text.FLASH_DRV_Program
                0x00ff0520       0xc0 ./obj/Release/core0/flash_c55_driver.o
                0x00ff0520                FLASH_DRV_Program
 .text.FLASH_DRV_CheckProgramStatus
                0x00ff05e0       0xe0 ./obj/Release/core0/flash_c55_driver.o
                0x00ff05e0                FLASH_DRV_CheckProgramStatus
 .text.FLEXCAN_CompleteRxMessageFifoData
                0x00ff06c0       0xe6 ./obj/Release/core0/flexcan_driver.o
 *fill*         0x00ff07a6        0x2 
 .text.FLEXCAN_CompleteTransfer
                0x00ff07a8       0x62 ./obj/Release/core0/flexcan_driver.o
 *fill*         0x00ff080a        0x2 
 .text.FLEXCAN_IRQHandler
                0x00ff080c      0x35e ./obj/Release/core0/flexcan_driver.o
                0x00ff080c                FLEXCAN_IRQHandler
 *fill*         0x00ff0b6a        0x2 
 .text.FLEXCAN_Error_IRQHandler
                0x00ff0b6c       0x44 ./obj/Release/core0/flexcan_driver.o
                0x00ff0b6c                FLEXCAN_Error_IRQHandler
 .text.FLEXCAN_WakeUpHandler
                0x00ff0bb0       0x9a ./obj/Release/core0/flexcan_driver.o
                0x00ff0bb0                FLEXCAN_WakeUpHandler
 *fill*         0x00ff0c4a        0x2 
 .text.FLEXCAN_GetMsgBuffRegion
                0x00ff0c4c       0x56 ./obj/Release/core0/flexcan_hw_access.o
                0x00ff0c4c                FLEXCAN_GetMsgBuffRegion
 *fill*         0x00ff0ca2        0x2 
 .text.FLEXCAN_GetMsgBuff
                0x00ff0ca4       0xf2 ./obj/Release/core0/flexcan_hw_access.o
                0x00ff0ca4                FLEXCAN_GetMsgBuff
 *fill*         0x00ff0d96        0x2 
 .text.FLEXCAN_LockRxMsgBuff
                0x00ff0d98       0x16 ./obj/Release/core0/flexcan_hw_access.o
                0x00ff0d98                FLEXCAN_LockRxMsgBuff
 *fill*         0x00ff0dae        0x2 
 .text.FLEXCAN_SetMsgBuffIntCmd
                0x00ff0db0       0x7e ./obj/Release/core0/flexcan_hw_access.o
                0x00ff0db0                FLEXCAN_SetMsgBuffIntCmd
 *fill*         0x00ff0e2e        0x2 
 .text.FLEXCAN_ClearErrIntStatusFlag
                0x00ff0e30       0x16 ./obj/Release/core0/flexcan_hw_access.o
                0x00ff0e30                FLEXCAN_ClearErrIntStatusFlag
 *fill*         0x00ff0e46        0x2 
 .text.FLEXCAN_ReadRxFifo
                0x00ff0e48       0x62 ./obj/Release/core0/flexcan_hw_access.o
                0x00ff0e48                FLEXCAN_ReadRxFifo
 *fill*         0x00ff0eaa        0x2 
 .text.CAN0_ORed_IRQHandler
                0x00ff0eac        0x6 ./obj/Release/core0/flexcan_irq.o
                0x00ff0eac                CAN0_ORed_IRQHandler
 *fill*         0x00ff0eb2        0x2 
 .text.CAN0_Error_IRQHandler
                0x00ff0eb4        0x6 ./obj/Release/core0/flexcan_irq.o
                0x00ff0eb4                CAN0_Error_IRQHandler
 *fill*         0x00ff0eba        0x2 
 .text.CAN0_Wake_Up_IRQHandler
                0x00ff0ebc        0x6 ./obj/Release/core0/flexcan_irq.o
                0x00ff0ebc                CAN0_Wake_Up_IRQHandler
 *fill*         0x00ff0ec2        0x2 
 .text.CAN0_ORed_00_03_MB_IRQHandler
                0x00ff0ec4        0x6 ./obj/Release/core0/flexcan_irq.o
                0x00ff0ec4                CAN0_ORed_00_03_MB_IRQHandler
 *fill*         0x00ff0eca        0x2 
 .text.CAN0_ORed_04_07_MB_IRQHandler
                0x00ff0ecc        0x6 ./obj/Release/core0/flexcan_irq.o
                0x00ff0ecc                CAN0_ORed_04_07_MB_IRQHandler
 *fill*         0x00ff0ed2        0x2 
 .text.CAN0_ORed_08_11_MB_IRQHandler
                0x00ff0ed4        0x6 ./obj/Release/core0/flexcan_irq.o
                0x00ff0ed4                CAN0_ORed_08_11_MB_IRQHandler
 *fill*         0x00ff0eda        0x2 
 .text.CAN0_ORed_12_15_MB_IRQHandler
                0x00ff0edc        0x6 ./obj/Release/core0/flexcan_irq.o
                0x00ff0edc                CAN0_ORed_12_15_MB_IRQHandler
 *fill*         0x00ff0ee2        0x2 
 .text.CAN0_ORed_16_31_MB_IRQHandler
                0x00ff0ee4        0x6 ./obj/Release/core0/flexcan_irq.o
                0x00ff0ee4                CAN0_ORed_16_31_MB_IRQHandler
 *fill*         0x00ff0eea        0x2 
 .text.CAN0_ORed_32_63_MB_IRQHandler
                0x00ff0eec        0x6 ./obj/Release/core0/flexcan_irq.o
                0x00ff0eec                CAN0_ORed_32_63_MB_IRQHandler
 *fill*         0x00ff0ef2        0x2 
 .text.CAN0_ORed_64_95_MB_IRQHandler
                0x00ff0ef4        0x6 ./obj/Release/core0/flexcan_irq.o
                0x00ff0ef4                CAN0_ORed_64_95_MB_IRQHandler
 *fill*         0x00ff0efa        0x2 
 .text.CAN1_ORed_IRQHandler
                0x00ff0efc        0x6 ./obj/Release/core0/flexcan_irq.o
                0x00ff0efc                CAN1_ORed_IRQHandler
 *fill*         0x00ff0f02        0x2 
 .text.CAN1_Error_IRQHandler
                0x00ff0f04        0x6 ./obj/Release/core0/flexcan_irq.o
                0x00ff0f04                CAN1_Error_IRQHandler
 *fill*         0x00ff0f0a        0x2 
 .text.CAN1_ORed_00_03_MB_IRQHandler
                0x00ff0f0c        0x6 ./obj/Release/core0/flexcan_irq.o
                0x00ff0f0c                CAN1_ORed_00_03_MB_IRQHandler
 *fill*         0x00ff0f12        0x2 
 .text.CAN1_ORed_04_07_MB_IRQHandler
                0x00ff0f14        0x6 ./obj/Release/core0/flexcan_irq.o
                0x00ff0f14                CAN1_ORed_04_07_MB_IRQHandler
 *fill*         0x00ff0f1a        0x2 
 .text.CAN1_ORed_08_11_MB_IRQHandler
                0x00ff0f1c        0x6 ./obj/Release/core0/flexcan_irq.o
                0x00ff0f1c                CAN1_ORed_08_11_MB_IRQHandler
 *fill*         0x00ff0f22        0x2 
 .text.CAN1_ORed_12_15_MB_IRQHandler
                0x00ff0f24        0x6 ./obj/Release/core0/flexcan_irq.o
                0x00ff0f24                CAN1_ORed_12_15_MB_IRQHandler
 *fill*         0x00ff0f2a        0x2 
 .text.CAN1_ORed_16_31_MB_IRQHandler
                0x00ff0f2c        0x6 ./obj/Release/core0/flexcan_irq.o
                0x00ff0f2c                CAN1_ORed_16_31_MB_IRQHandler
 *fill*         0x00ff0f32        0x2 
 .text.CAN1_ORed_32_63_MB_IRQHandler
                0x00ff0f34        0x6 ./obj/Release/core0/flexcan_irq.o
                0x00ff0f34                CAN1_ORed_32_63_MB_IRQHandler
 *fill*         0x00ff0f3a        0x2 
 .text.CAN1_ORed_64_95_MB_IRQHandler
                0x00ff0f3c        0x6 ./obj/Release/core0/flexcan_irq.o
                0x00ff0f3c                CAN1_ORed_64_95_MB_IRQHandler
 *fill*         0x00ff0f42        0x2 
 .text.CAN2_ORed_IRQHandler
                0x00ff0f44        0x6 ./obj/Release/core0/flexcan_irq.o
                0x00ff0f44                CAN2_ORed_IRQHandler
 *fill*         0x00ff0f4a        0x2 
 .text.CAN2_Error_IRQHandler
                0x00ff0f4c        0x6 ./obj/Release/core0/flexcan_irq.o
                0x00ff0f4c                CAN2_Error_IRQHandler
 *fill*         0x00ff0f52        0x2 
 .text.CAN2_ORed_00_03_MB_IRQHandler
                0x00ff0f54        0x6 ./obj/Release/core0/flexcan_irq.o
                0x00ff0f54                CAN2_ORed_00_03_MB_IRQHandler
 *fill*         0x00ff0f5a        0x2 
 .text.CAN2_ORed_04_07_MB_IRQHandler
                0x00ff0f5c        0x6 ./obj/Release/core0/flexcan_irq.o
                0x00ff0f5c                CAN2_ORed_04_07_MB_IRQHandler
 *fill*         0x00ff0f62        0x2 
 .text.CAN2_ORed_08_11_MB_IRQHandler
                0x00ff0f64        0x6 ./obj/Release/core0/flexcan_irq.o
                0x00ff0f64                CAN2_ORed_08_11_MB_IRQHandler
 *fill*         0x00ff0f6a        0x2 
 .text.CAN2_ORed_12_15_MB_IRQHandler
                0x00ff0f6c        0x6 ./obj/Release/core0/flexcan_irq.o
                0x00ff0f6c                CAN2_ORed_12_15_MB_IRQHandler
 *fill*         0x00ff0f72        0x2 
 .text.CAN2_ORed_16_31_MB_IRQHandler
                0x00ff0f74        0x6 ./obj/Release/core0/flexcan_irq.o
                0x00ff0f74                CAN2_ORed_16_31_MB_IRQHandler
 *fill*         0x00ff0f7a        0x2 
 .text.CAN2_ORed_32_63_MB_IRQHandler
                0x00ff0f7c        0x6 ./obj/Release/core0/flexcan_irq.o
                0x00ff0f7c                CAN2_ORed_32_63_MB_IRQHandler
 *fill*         0x00ff0f82        0x2 
 .text.CAN2_ORed_64_95_MB_IRQHandler
                0x00ff0f84        0x6 ./obj/Release/core0/flexcan_irq.o
                0x00ff0f84                CAN2_ORed_64_95_MB_IRQHandler
 *fill*         0x00ff0f8a        0x2 
 .text.CAN3_ORed_IRQHandler
                0x00ff0f8c        0x6 ./obj/Release/core0/flexcan_irq.o
                0x00ff0f8c                CAN3_ORed_IRQHandler
 *fill*         0x00ff0f92        0x2 
 .text.CAN3_Error_IRQHandler
                0x00ff0f94        0x6 ./obj/Release/core0/flexcan_irq.o
                0x00ff0f94                CAN3_Error_IRQHandler
 *fill*         0x00ff0f9a        0x2 
 .text.CAN3_ORed_00_03_MB_IRQHandler
                0x00ff0f9c        0x6 ./obj/Release/core0/flexcan_irq.o
                0x00ff0f9c                CAN3_ORed_00_03_MB_IRQHandler
 *fill*         0x00ff0fa2        0x2 
 .text.CAN3_ORed_04_07_MB_IRQHandler
                0x00ff0fa4        0x6 ./obj/Release/core0/flexcan_irq.o
                0x00ff0fa4                CAN3_ORed_04_07_MB_IRQHandler
 *fill*         0x00ff0faa        0x2 
 .text.CAN3_ORed_08_11_MB_IRQHandler
                0x00ff0fac        0x6 ./obj/Release/core0/flexcan_irq.o
                0x00ff0fac                CAN3_ORed_08_11_MB_IRQHandler
 *fill*         0x00ff0fb2        0x2 
 .text.CAN3_ORed_12_15_MB_IRQHandler
                0x00ff0fb4        0x6 ./obj/Release/core0/flexcan_irq.o
                0x00ff0fb4                CAN3_ORed_12_15_MB_IRQHandler
 *fill*         0x00ff0fba        0x2 
 .text.CAN3_ORed_16_31_MB_IRQHandler
                0x00ff0fbc        0x6 ./obj/Release/core0/flexcan_irq.o
                0x00ff0fbc                CAN3_ORed_16_31_MB_IRQHandler
 *fill*         0x00ff0fc2        0x2 
 .text.CAN3_ORed_32_63_MB_IRQHandler
                0x00ff0fc4        0x6 ./obj/Release/core0/flexcan_irq.o
                0x00ff0fc4                CAN3_ORed_32_63_MB_IRQHandler
 *fill*         0x00ff0fca        0x2 
 .text.CAN3_ORed_64_95_MB_IRQHandler
                0x00ff0fcc        0x6 ./obj/Release/core0/flexcan_irq.o
                0x00ff0fcc                CAN3_ORed_64_95_MB_IRQHandler
 *fill*         0x00ff0fd2        0x2 
 .text.CAN4_ORed_IRQHandler
                0x00ff0fd4        0x6 ./obj/Release/core0/flexcan_irq.o
                0x00ff0fd4                CAN4_ORed_IRQHandler
 *fill*         0x00ff0fda        0x2 
 .text.CAN4_Error_IRQHandler
                0x00ff0fdc        0x6 ./obj/Release/core0/flexcan_irq.o
                0x00ff0fdc                CAN4_Error_IRQHandler
 *fill*         0x00ff0fe2        0x2 
 .text.CAN4_ORed_00_03_MB_IRQHandler
                0x00ff0fe4        0x6 ./obj/Release/core0/flexcan_irq.o
                0x00ff0fe4                CAN4_ORed_00_03_MB_IRQHandler
 *fill*         0x00ff0fea        0x2 
 .text.CAN4_ORed_04_07_MB_IRQHandler
                0x00ff0fec        0x6 ./obj/Release/core0/flexcan_irq.o
                0x00ff0fec                CAN4_ORed_04_07_MB_IRQHandler
 *fill*         0x00ff0ff2        0x2 
 .text.CAN4_ORed_08_11_MB_IRQHandler
                0x00ff0ff4        0x6 ./obj/Release/core0/flexcan_irq.o
                0x00ff0ff4                CAN4_ORed_08_11_MB_IRQHandler
 *fill*         0x00ff0ffa        0x2 
 .text.CAN4_ORed_12_15_MB_IRQHandler
                0x00ff0ffc        0x6 ./obj/Release/core0/flexcan_irq.o
                0x00ff0ffc                CAN4_ORed_12_15_MB_IRQHandler
 *fill*         0x00ff1002        0x2 
 .text.CAN4_ORed_16_31_MB_IRQHandler
                0x00ff1004        0x6 ./obj/Release/core0/flexcan_irq.o
                0x00ff1004                CAN4_ORed_16_31_MB_IRQHandler
 *fill*         0x00ff100a        0x2 
 .text.CAN4_ORed_32_63_MB_IRQHandler
                0x00ff100c        0x6 ./obj/Release/core0/flexcan_irq.o
                0x00ff100c                CAN4_ORed_32_63_MB_IRQHandler
 *fill*         0x00ff1012        0x2 
 .text.CAN4_ORed_64_95_MB_IRQHandler
                0x00ff1014        0x6 ./obj/Release/core0/flexcan_irq.o
                0x00ff1014                CAN4_ORed_64_95_MB_IRQHandler
 *fill*         0x00ff101a        0x2 
 .text.CAN5_ORed_IRQHandler
                0x00ff101c        0x6 ./obj/Release/core0/flexcan_irq.o
                0x00ff101c                CAN5_ORed_IRQHandler
 *fill*         0x00ff1022        0x2 
 .text.CAN5_Error_IRQHandler
                0x00ff1024        0x6 ./obj/Release/core0/flexcan_irq.o
                0x00ff1024                CAN5_Error_IRQHandler
 *fill*         0x00ff102a        0x2 
 .text.CAN5_ORed_00_03_MB_IRQHandler
                0x00ff102c        0x6 ./obj/Release/core0/flexcan_irq.o
                0x00ff102c                CAN5_ORed_00_03_MB_IRQHandler
 *fill*         0x00ff1032        0x2 
 .text.CAN5_ORed_04_07_MB_IRQHandler
                0x00ff1034        0x6 ./obj/Release/core0/flexcan_irq.o
                0x00ff1034                CAN5_ORed_04_07_MB_IRQHandler
 *fill*         0x00ff103a        0x2 
 .text.CAN5_ORed_08_11_MB_IRQHandler
                0x00ff103c        0x6 ./obj/Release/core0/flexcan_irq.o
                0x00ff103c                CAN5_ORed_08_11_MB_IRQHandler
 *fill*         0x00ff1042        0x2 
 .text.CAN5_ORed_12_15_MB_IRQHandler
                0x00ff1044        0x6 ./obj/Release/core0/flexcan_irq.o
                0x00ff1044                CAN5_ORed_12_15_MB_IRQHandler
 *fill*         0x00ff104a        0x2 
 .text.CAN5_ORed_16_31_MB_IRQHandler
                0x00ff104c        0x6 ./obj/Release/core0/flexcan_irq.o
                0x00ff104c                CAN5_ORed_16_31_MB_IRQHandler
 *fill*         0x00ff1052        0x2 
 .text.CAN5_ORed_32_63_MB_IRQHandler
                0x00ff1054        0x6 ./obj/Release/core0/flexcan_irq.o
                0x00ff1054                CAN5_ORed_32_63_MB_IRQHandler
 *fill*         0x00ff105a        0x2 
 .text.CAN5_ORed_64_95_MB_IRQHandler
                0x00ff105c        0x6 ./obj/Release/core0/flexcan_irq.o
                0x00ff105c                CAN5_ORed_64_95_MB_IRQHandler
 *fill*         0x00ff1062        0x2 
 .text.CAN6_ORed_IRQHandler
                0x00ff1064        0x6 ./obj/Release/core0/flexcan_irq.o
                0x00ff1064                CAN6_ORed_IRQHandler
 *fill*         0x00ff106a        0x2 
 .text.CAN6_Error_IRQHandler
                0x00ff106c        0x6 ./obj/Release/core0/flexcan_irq.o
                0x00ff106c                CAN6_Error_IRQHandler
 *fill*         0x00ff1072        0x2 
 .text.CAN6_ORed_00_03_MB_IRQHandler
                0x00ff1074        0x6 ./obj/Release/core0/flexcan_irq.o
                0x00ff1074                CAN6_ORed_00_03_MB_IRQHandler
 *fill*         0x00ff107a        0x2 
 .text.CAN6_ORed_04_07_MB_IRQHandler
                0x00ff107c        0x6 ./obj/Release/core0/flexcan_irq.o
                0x00ff107c                CAN6_ORed_04_07_MB_IRQHandler
 *fill*         0x00ff1082        0x2 
 .text.CAN6_ORed_08_11_MB_IRQHandler
                0x00ff1084        0x6 ./obj/Release/core0/flexcan_irq.o
                0x00ff1084                CAN6_ORed_08_11_MB_IRQHandler
 *fill*         0x00ff108a        0x2 
 .text.CAN6_ORed_12_15_MB_IRQHandler
                0x00ff108c        0x6 ./obj/Release/core0/flexcan_irq.o
                0x00ff108c                CAN6_ORed_12_15_MB_IRQHandler
 *fill*         0x00ff1092        0x2 
 .text.CAN6_ORed_16_31_MB_IRQHandler
                0x00ff1094        0x6 ./obj/Release/core0/flexcan_irq.o
                0x00ff1094                CAN6_ORed_16_31_MB_IRQHandler
 *fill*         0x00ff109a        0x2 
 .text.CAN6_ORed_32_63_MB_IRQHandler
                0x00ff109c        0x6 ./obj/Release/core0/flexcan_irq.o
                0x00ff109c                CAN6_ORed_32_63_MB_IRQHandler
 *fill*         0x00ff10a2        0x2 
 .text.CAN6_ORed_64_95_MB_IRQHandler
                0x00ff10a4        0x6 ./obj/Release/core0/flexcan_irq.o
                0x00ff10a4                CAN6_ORed_64_95_MB_IRQHandler
 *fill*         0x00ff10aa        0x2 
 .text.CAN7_ORed_IRQHandler